[2026-05-17T09:14:42.345Z] [INFO] extension: initWorkspace: logging activated
[2026-05-17T09:14:42.346Z] [INFO] extension: initWorkspace: initialising database
[2026-05-17T09:14:42.346Z] [INFO] IndexService: Loading WASM module (first load)
[2026-05-17T09:14:42.359Z] [INFO] IndexService: initSqlJs: 13.06ms
[2026-05-17T09:14:42.359Z] [INFO] IndexService: initDatabase: creating new in-memory database
[2026-05-17T09:14:42.379Z] [INFO] IndexService: initDatabase: complete
[2026-05-17T09:14:42.401Z] [INFO] IndexScanner: fullScan: starting — 1 files (2 total, 1 filtered)
[2026-05-17T09:14:42.406Z] [INFO] IndexService: indexFileContent: README.md → pageId=1
[2026-05-17T09:14:42.407Z] [INFO] IndexScanner: fullScan: 5.58ms
[2026-05-17T09:14:42.407Z] [INFO] IndexScanner: fullScan: complete — 1 files indexed, 0 links found
[2026-05-17T09:14:42.407Z] [INFO] IndexService: saveToFile: wrote 77824 bytes
[2026-05-17T09:14:42.408Z] [INFO] IndexService: saveToFile: 0.79ms
[2026-05-17T09:14:42.408Z] [INFO] extension: initWorkspace: complete — 1 files, 0 links
[2026-05-17T09:14:42.410Z] [INFO] extension: Logging activated
[2026-05-17T09:14:42.410Z] [INFO] extension: enterFullMode: initialising database
[2026-05-17T09:14:42.410Z] [INFO] IndexService: Loading WASM module (first load)
[2026-05-17T09:14:42.410Z] [INFO] IndexService: initSqlJs: 0.01ms
[2026-05-17T09:14:42.411Z] [INFO] IndexService: initDatabase: opening existing file (77824 bytes)
[2026-05-17T09:14:42.412Z] [INFO] IndexService: initDatabase: complete
[2026-05-17T09:14:42.422Z] [INFO] extension: enterFullMode: running stale scan
[2026-05-17T09:14:42.438Z] [INFO] IndexScanner: staleScan: starting — 1 files on disk, 1 in index
[2026-05-17T09:14:42.439Z] [INFO] IndexScanner: staleScan: 0.28ms
[2026-05-17T09:14:42.439Z] [INFO] IndexScanner: staleScan: complete — 0 new, 0 stale, 0 deleted, 1 unchanged
[2026-05-17T09:14:42.440Z] [INFO] completion: cache rebuilt: 1 pages, 0 fwd refs, 0 aliases (1 total)
[2026-05-17T09:14:42.440Z] [INFO] completion: rebuildCache: 0.80ms
[2026-05-17T09:14:42.452Z] [INFO] extension: enterFullMode: complete
[2026-05-17T09:14:42.641Z] [INFO] IndexScanner: staleScan: starting — 1 files on disk, 1 in index
[2026-05-17T09:14:42.642Z] [INFO] IndexScanner: staleScan: 0.34ms
[2026-05-17T09:14:42.642Z] [INFO] IndexScanner: staleScan: complete — 0 new, 0 stale, 0 deleted, 1 unchanged
[2026-05-17T09:16:05.448Z] [INFO] IndexScanner: staleScan: starting — 1 files on disk, 1 in index
[2026-05-17T09:16:05.449Z] [INFO] IndexScanner: staleScan: 0.39ms
[2026-05-17T09:16:05.449Z] [INFO] IndexScanner: staleScan: complete — 0 new, 0 stale, 0 deleted, 1 unchanged
[2026-05-17T09:16:05.449Z] [INFO] IndexService: saveToFile: wrote 77824 bytes
[2026-05-17T09:16:05.449Z] [INFO] IndexService: saveToFile: 0.43ms
[2026-05-17T09:16:05.450Z] [INFO] completion: cache rebuilt: 1 pages, 0 fwd refs, 0 aliases (1 total)
[2026-05-17T09:16:05.450Z] [INFO] completion: rebuildCache: 0.52ms
[2026-05-17T09:16:28.293Z] [INFO] decor: cached 0 lines, 0 wikilinks
[2026-05-17T09:16:28.293Z] [INFO] decor: rebuildCache (1 lines): 0.15ms
[2026-05-17T09:16:28.337Z] [INFO] IndexService: indexFileContent: blog/Introducing the g9n blog.md → pageId=2
[2026-05-17T09:16:28.338Z] [INFO] IndexService: saveToFile: wrote 77824 bytes
[2026-05-17T09:16:28.338Z] [INFO] IndexService: saveToFile: 0.75ms
[2026-05-17T09:16:28.339Z] [INFO] completion: cache rebuilt: 2 pages, 0 fwd refs, 0 aliases (2 total)
[2026-05-17T09:16:28.339Z] [INFO] completion: rebuildCache: 0.92ms
[2026-05-17T09:16:29.061Z] [INFO] extension: extendMarkdownIt() invoked by VS Code markdown preview
[2026-05-17T09:16:31.675Z] [INFO] decor: cached 0 lines, 0 wikilinks
[2026-05-17T09:16:31.675Z] [INFO] decor: rebuildCache (1 lines): 0.12ms
[2026-05-17T09:16:31.942Z] [INFO] decor: cached 0 lines, 0 wikilinks
[2026-05-17T09:16:31.942Z] [INFO] decor: rebuildCache (1 lines): 0.24ms
[2026-05-17T09:16:32.072Z] [INFO] decor: cached 0 lines, 0 wikilinks
[2026-05-17T09:16:32.072Z] [INFO] decor: rebuildCache (1 lines): 0.21ms
[2026-05-17T09:16:32.164Z] [INFO] decor: cached 0 lines, 0 wikilinks
[2026-05-17T09:16:32.164Z] [INFO] decor: rebuildCache (1 lines): 0.32ms
[2026-05-17T09:16:32.299Z] [INFO] decor: cached 0 lines, 0 wikilinks
[2026-05-17T09:16:32.299Z] [INFO] decor: rebuildCache (1 lines): 0.14ms
[2026-05-17T09:16:32.752Z] [INFO] IndexService: indexFileContent: blog/Introducing the g9n blog.md → pageId=2
[2026-05-17T09:16:33.267Z] [INFO] decor: cached 0 lines, 0 wikilinks
[2026-05-17T09:16:33.268Z] [INFO] decor: rebuildCache (10 lines): 0.26ms
[2026-05-17T09:16:33.719Z] [INFO] IndexService: indexFileContent: blog/Introducing the g9n blog.md → pageId=2
[2026-05-17T09:16:37.703Z] [INFO] decor: cached 0 lines, 0 wikilinks
[2026-05-17T09:16:37.703Z] [INFO] decor: rebuildCache (10 lines): 0.32ms
[2026-05-17T09:16:37.790Z] [INFO] decor: cached 0 lines, 0 wikilinks
[2026-05-17T09:16:37.790Z] [INFO] decor: rebuildCache (10 lines): 0.35ms
[2026-05-17T09:16:37.896Z] [INFO] decor: cached 0 lines, 0 wikilinks
[2026-05-17T09:16:37.896Z] [INFO] decor: rebuildCache (10 lines): 0.16ms
[2026-05-17T09:16:38.098Z] [INFO] decor: cached 0 lines, 0 wikilinks
[2026-05-17T09:16:38.098Z] [INFO] decor: rebuildCache (10 lines): 0.26ms
[2026-05-17T09:16:38.247Z] [INFO] decor: cached 0 lines, 0 wikilinks
[2026-05-17T09:16:38.248Z] [INFO] decor: rebuildCache (10 lines): 0.28ms
[2026-05-17T09:16:38.701Z] [INFO] IndexService: indexFileContent: blog/Introducing the g9n blog.md → pageId=2
[2026-05-17T09:16:38.888Z] [INFO] decor: cached 0 lines, 0 wikilinks
[2026-05-17T09:16:38.888Z] [INFO] decor: rebuildCache (10 lines): 0.25ms
[2026-05-17T09:16:38.990Z] [INFO] decor: cached 0 lines, 0 wikilinks
[2026-05-17T09:16:38.991Z] [INFO] decor: rebuildCache (10 lines): 0.31ms
[2026-05-17T09:16:39.103Z] [INFO] decor: cached 0 lines, 0 wikilinks
[2026-05-17T09:16:39.103Z] [INFO] decor: rebuildCache (10 lines): 0.24ms
[2026-05-17T09:16:39.192Z] [INFO] decor: cached 0 lines, 0 wikilinks
[2026-05-17T09:16:39.192Z] [INFO] decor: rebuildCache (10 lines): 0.24ms
[2026-05-17T09:16:39.282Z] [INFO] decor: cached 0 lines, 0 wikilinks
[2026-05-17T09:16:39.282Z] [INFO] decor: rebuildCache (10 lines): 0.28ms
[2026-05-17T09:16:39.734Z] [INFO] IndexService: indexFileContent: blog/Introducing the g9n blog.md → pageId=2
[2026-05-17T09:16:41.050Z] [INFO] decor: cached 0 lines, 0 wikilinks
[2026-05-17T09:16:41.050Z] [INFO] decor: rebuildCache (10 lines): 0.25ms
[2026-05-17T09:16:41.344Z] [INFO] decor: cached 0 lines, 0 wikilinks
[2026-05-17T09:16:41.344Z] [INFO] decor: rebuildCache (10 lines): 0.24ms
[2026-05-17T09:16:41.501Z] [INFO] decor: cached 0 lines, 0 wikilinks
[2026-05-17T09:16:41.501Z] [INFO] decor: rebuildCache (10 lines): 0.25ms
[2026-05-17T09:16:41.660Z] [INFO] decor: cached 0 lines, 0 wikilinks
[2026-05-17T09:16:41.660Z] [INFO] decor: rebuildCache (10 lines): 0.25ms
[2026-05-17T09:16:41.795Z] [INFO] decor: cached 0 lines, 0 wikilinks
[2026-05-17T09:16:41.795Z] [INFO] decor: rebuildCache (10 lines): 0.24ms
[2026-05-17T09:16:42.065Z] [INFO] decor: cached 0 lines, 0 wikilinks
[2026-05-17T09:16:42.065Z] [INFO] decor: rebuildCache (10 lines): 0.25ms
[2026-05-17T09:16:42.141Z] [INFO] decor: cached 0 lines, 0 wikilinks
[2026-05-17T09:16:42.141Z] [INFO] decor: rebuildCache (10 lines): 0.16ms
[2026-05-17T09:16:42.394Z] [INFO] decor: cached 0 lines, 0 wikilinks
[2026-05-17T09:16:42.394Z] [INFO] decor: rebuildCache (10 lines): 0.31ms
[2026-05-17T09:16:42.846Z] [INFO] IndexService: indexFileContent: blog/Introducing the g9n blog.md → pageId=2
[2026-05-17T09:16:43.162Z] [INFO] decor: cached 0 lines, 0 wikilinks
[2026-05-17T09:16:43.162Z] [INFO] decor: rebuildCache (10 lines): 0.31ms
[2026-05-17T09:16:43.595Z] [INFO] decor: cached 0 lines, 0 wikilinks
[2026-05-17T09:16:43.596Z] [INFO] decor: rebuildCache (10 lines): 0.22ms
[2026-05-17T09:16:43.715Z] [INFO] decor: cached 0 lines, 0 wikilinks
[2026-05-17T09:16:43.716Z] [INFO] decor: rebuildCache (10 lines): 0.33ms
[2026-05-17T09:16:43.808Z] [INFO] decor: cached 0 lines, 0 wikilinks
[2026-05-17T09:16:43.809Z] [INFO] decor: rebuildCache (10 lines): 0.12ms
[2026-05-17T09:16:44.023Z] [INFO] decor: cached 0 lines, 0 wikilinks
[2026-05-17T09:16:44.023Z] [INFO] decor: rebuildCache (10 lines): 0.17ms
[2026-05-17T09:16:44.140Z] [INFO] decor: cached 0 lines, 0 wikilinks
[2026-05-17T09:16:44.140Z] [INFO] decor: rebuildCache (10 lines): 0.27ms
[2026-05-17T09:16:44.242Z] [INFO] decor: cached 0 lines, 0 wikilinks
[2026-05-17T09:16:44.242Z] [INFO] decor: rebuildCache (10 lines): 0.27ms
[2026-05-17T09:16:44.381Z] [INFO] decor: cached 0 lines, 0 wikilinks
[2026-05-17T09:16:44.381Z] [INFO] decor: rebuildCache (10 lines): 0.33ms
[2026-05-17T09:16:44.525Z] [INFO] decor: cached 0 lines, 0 wikilinks
[2026-05-17T09:16:44.525Z] [INFO] decor: rebuildCache (10 lines): 0.31ms
[2026-05-17T09:16:44.625Z] [INFO] decor: cached 0 lines, 0 wikilinks
[2026-05-17T09:16:44.625Z] [INFO] decor: rebuildCache (10 lines): 0.23ms
[2026-05-17T09:16:44.870Z] [INFO] decor: cached 0 lines, 0 wikilinks
[2026-05-17T09:16:44.870Z] [INFO] decor: rebuildCache (10 lines): 0.22ms
[2026-05-17T09:16:44.963Z] [INFO] decor: cached 0 lines, 0 wikilinks
[2026-05-17T09:16:44.963Z] [INFO] decor: rebuildCache (10 lines): 0.22ms
[2026-05-17T09:16:45.439Z] [INFO] decor: cached 0 lines, 0 wikilinks
[2026-05-17T09:16:45.439Z] [INFO] decor: rebuildCache (10 lines): 0.31ms
[2026-05-17T09:16:45.892Z] [INFO] IndexService: indexFileContent: blog/Introducing the g9n blog.md → pageId=2
[2026-05-17T09:16:46.403Z] [INFO] decor: cached 0 lines, 0 wikilinks
[2026-05-17T09:16:46.403Z] [INFO] decor: rebuildCache (10 lines): 0.30ms
[2026-05-17T09:16:46.586Z] [INFO] decor: cached 0 lines, 0 wikilinks
[2026-05-17T09:16:46.587Z] [INFO] decor: rebuildCache (10 lines): 0.30ms
[2026-05-17T09:16:46.902Z] [INFO] decor: cached 0 lines, 0 wikilinks
[2026-05-17T09:16:46.902Z] [INFO] decor: rebuildCache (10 lines): 0.18ms
[2026-05-17T09:16:47.011Z] [INFO] decor: cached 0 lines, 0 wikilinks
[2026-05-17T09:16:47.011Z] [INFO] decor: rebuildCache (10 lines): 0.31ms
[2026-05-17T09:16:47.150Z] [INFO] decor: cached 0 lines, 0 wikilinks
[2026-05-17T09:16:47.150Z] [INFO] decor: rebuildCache (10 lines): 0.28ms
[2026-05-17T09:16:47.261Z] [INFO] decor: cached 0 lines, 0 wikilinks
[2026-05-17T09:16:47.261Z] [INFO] decor: rebuildCache (10 lines): 0.24ms
[2026-05-17T09:16:47.442Z] [INFO] decor: cached 0 lines, 0 wikilinks
[2026-05-17T09:16:47.442Z] [INFO] decor: rebuildCache (10 lines): 0.30ms
[2026-05-17T09:16:47.895Z] [INFO] IndexService: indexFileContent: blog/Introducing the g9n blog.md → pageId=2
[2026-05-17T09:16:49.513Z] [INFO] decor: cached 0 lines, 0 wikilinks
[2026-05-17T09:16:49.513Z] [INFO] decor: rebuildCache (11 lines): 0.26ms
[2026-05-17T09:16:49.643Z] [INFO] decor: cached 0 lines, 0 wikilinks
[2026-05-17T09:16:49.643Z] [INFO] decor: rebuildCache (12 lines): 0.14ms
[2026-05-17T09:16:50.096Z] [INFO] IndexService: indexFileContent: blog/Introducing the g9n blog.md → pageId=2
[2026-05-17T09:16:53.787Z] [INFO] decor: cached 0 lines, 0 wikilinks
[2026-05-17T09:16:53.787Z] [INFO] decor: rebuildCache (12 lines): 0.22ms
[2026-05-17T09:16:53.966Z] [INFO] decor: cached 0 lines, 0 wikilinks
[2026-05-17T09:16:53.967Z] [INFO] decor: rebuildCache (12 lines): 0.31ms
[2026-05-17T09:16:54.393Z] [INFO] decor: cached 0 lines, 0 wikilinks
[2026-05-17T09:16:54.393Z] [INFO] decor: rebuildCache (12 lines): 0.25ms
[2026-05-17T09:16:54.847Z] [INFO] IndexService: indexFileContent: blog/Introducing the g9n blog.md → pageId=2
[2026-05-17T09:16:55.677Z] [INFO] decor: cached 0 lines, 0 wikilinks
[2026-05-17T09:16:55.678Z] [INFO] decor: rebuildCache (12 lines): 0.34ms
[2026-05-17T09:16:55.830Z] [INFO] decor: cached 0 lines, 0 wikilinks
[2026-05-17T09:16:55.831Z] [INFO] decor: rebuildCache (12 lines): 0.29ms
[2026-05-17T09:16:56.283Z] [INFO] IndexService: indexFileContent: blog/Introducing the g9n blog.md → pageId=2
[2026-05-17T09:16:56.350Z] [INFO] decor: cached 0 lines, 0 wikilinks
[2026-05-17T09:16:56.350Z] [INFO] decor: rebuildCache (12 lines): 0.28ms
[2026-05-17T09:16:56.485Z] [INFO] decor: cached 0 lines, 0 wikilinks
[2026-05-17T09:16:56.485Z] [INFO] decor: rebuildCache (12 lines): 0.36ms
[2026-05-17T09:16:56.823Z] [INFO] decor: cached 0 lines, 0 wikilinks
[2026-05-17T09:16:56.823Z] [INFO] decor: rebuildCache (12 lines): 0.31ms
[2026-05-17T09:16:57.276Z] [INFO] IndexService: indexFileContent: blog/Introducing the g9n blog.md → pageId=2
[2026-05-17T09:16:59.166Z] [INFO] decor: cached 0 lines, 0 wikilinks
[2026-05-17T09:16:59.166Z] [INFO] decor: rebuildCache (12 lines): 0.26ms
[2026-05-17T09:16:59.367Z] [INFO] decor: cached 0 lines, 0 wikilinks
[2026-05-17T09:16:59.368Z] [INFO] decor: rebuildCache (12 lines): 0.31ms
[2026-05-17T09:16:59.526Z] [INFO] decor: cached 0 lines, 0 wikilinks
[2026-05-17T09:16:59.527Z] [INFO] decor: rebuildCache (12 lines): 0.25ms
[2026-05-17T09:16:59.683Z] [INFO] decor: cached 0 lines, 0 wikilinks
[2026-05-17T09:16:59.684Z] [INFO] decor: rebuildCache (12 lines): 0.31ms
[2026-05-17T09:16:59.846Z] [INFO] decor: cached 0 lines, 0 wikilinks
[2026-05-17T09:16:59.846Z] [INFO] decor: rebuildCache (12 lines): 0.27ms
[2026-05-17T09:16:59.996Z] [INFO] decor: cached 0 lines, 0 wikilinks
[2026-05-17T09:16:59.996Z] [INFO] decor: rebuildCache (12 lines): 0.22ms
[2026-05-17T09:17:00.340Z] [INFO] decor: cached 0 lines, 0 wikilinks
[2026-05-17T09:17:00.340Z] [INFO] decor: rebuildCache (12 lines): 0.21ms
[2026-05-17T09:17:00.473Z] [INFO] decor: cached 0 lines, 0 wikilinks
[2026-05-17T09:17:00.473Z] [INFO] decor: rebuildCache (12 lines): 0.29ms
[2026-05-17T09:17:00.925Z] [INFO] IndexService: indexFileContent: blog/Introducing the g9n blog.md → pageId=2
[2026-05-17T09:17:01.953Z] [INFO] decor: cached 0 lines, 0 wikilinks
[2026-05-17T09:17:01.953Z] [INFO] decor: rebuildCache (12 lines): 0.26ms
[2026-05-17T09:17:02.221Z] [INFO] decor: cached 0 lines, 0 wikilinks
[2026-05-17T09:17:02.221Z] [INFO] decor: rebuildCache (12 lines): 0.18ms
[2026-05-17T09:17:02.447Z] [INFO] decor: cached 0 lines, 0 wikilinks
[2026-05-17T09:17:02.448Z] [INFO] decor: rebuildCache (12 lines): 0.35ms
[2026-05-17T09:17:02.525Z] [INFO] decor: cached 0 lines, 0 wikilinks
[2026-05-17T09:17:02.525Z] [INFO] decor: rebuildCache (12 lines): 0.24ms
[2026-05-17T09:17:02.651Z] [INFO] decor: cached 0 lines, 0 wikilinks
[2026-05-17T09:17:02.651Z] [INFO] decor: rebuildCache (12 lines): 0.32ms
[2026-05-17T09:17:02.785Z] [INFO] decor: cached 0 lines, 0 wikilinks
[2026-05-17T09:17:02.785Z] [INFO] decor: rebuildCache (12 lines): 0.26ms
[2026-05-17T09:17:02.920Z] [INFO] decor: cached 0 lines, 0 wikilinks
[2026-05-17T09:17:02.921Z] [INFO] decor: rebuildCache (12 lines): 0.24ms
[2026-05-17T09:17:03.077Z] [INFO] decor: cached 0 lines, 0 wikilinks
[2026-05-17T09:17:03.078Z] [INFO] decor: rebuildCache (12 lines): 0.23ms
[2026-05-17T09:17:03.529Z] [INFO] IndexService: indexFileContent: blog/Introducing the g9n blog.md → pageId=2
[2026-05-17T09:17:04.879Z] [INFO] decor: cached 0 lines, 0 wikilinks
[2026-05-17T09:17:04.879Z] [INFO] decor: rebuildCache (12 lines): 0.25ms
[2026-05-17T09:17:04.968Z] [INFO] decor: cached 0 lines, 0 wikilinks
[2026-05-17T09:17:04.968Z] [INFO] decor: rebuildCache (12 lines): 0.23ms
[2026-05-17T09:17:05.420Z] [INFO] IndexService: indexFileContent: blog/Introducing the g9n blog.md → pageId=2
[2026-05-17T09:17:07.938Z] [INFO] decor: cached 0 lines, 0 wikilinks
[2026-05-17T09:17:07.938Z] [INFO] decor: rebuildCache (12 lines): 0.25ms
[2026-05-17T09:17:08.072Z] [INFO] decor: cached 0 lines, 0 wikilinks
[2026-05-17T09:17:08.072Z] [INFO] decor: rebuildCache (12 lines): 0.32ms
[2026-05-17T09:17:08.232Z] [INFO] decor: cached 0 lines, 0 wikilinks
[2026-05-17T09:17:08.233Z] [INFO] decor: rebuildCache (12 lines): 0.28ms
[2026-05-17T09:17:08.322Z] [INFO] decor: cached 0 lines, 0 wikilinks
[2026-05-17T09:17:08.322Z] [INFO] decor: rebuildCache (12 lines): 0.24ms
[2026-05-17T09:17:08.395Z] [INFO] decor: cached 0 lines, 0 wikilinks
[2026-05-17T09:17:08.395Z] [INFO] decor: rebuildCache (12 lines): 0.30ms
[2026-05-17T09:17:08.608Z] [INFO] decor: cached 0 lines, 0 wikilinks
[2026-05-17T09:17:08.608Z] [INFO] decor: rebuildCache (12 lines): 0.18ms
[2026-05-17T09:17:08.692Z] [INFO] decor: cached 0 lines, 0 wikilinks
[2026-05-17T09:17:08.692Z] [INFO] decor: rebuildCache (12 lines): 0.27ms
[2026-05-17T09:17:08.759Z] [INFO] decor: cached 0 lines, 0 wikilinks
[2026-05-17T09:17:08.760Z] [INFO] decor: rebuildCache (12 lines): 0.31ms
[2026-05-17T09:17:08.950Z] [INFO] decor: cached 0 lines, 0 wikilinks
[2026-05-17T09:17:08.950Z] [INFO] decor: rebuildCache (12 lines): 0.28ms
[2026-05-17T09:17:09.061Z] [INFO] decor: cached 0 lines, 0 wikilinks
[2026-05-17T09:17:09.061Z] [INFO] decor: rebuildCache (12 lines): 0.27ms
[2026-05-17T09:17:09.130Z] [INFO] decor: cached 0 lines, 0 wikilinks
[2026-05-17T09:17:09.130Z] [INFO] decor: rebuildCache (12 lines): 0.25ms
[2026-05-17T09:17:09.330Z] [INFO] decor: cached 0 lines, 0 wikilinks
[2026-05-17T09:17:09.331Z] [INFO] decor: rebuildCache (12 lines): 0.28ms
[2026-05-17T09:17:09.419Z] [INFO] decor: cached 0 lines, 0 wikilinks
[2026-05-17T09:17:09.419Z] [INFO] decor: rebuildCache (12 lines): 0.26ms
[2026-05-17T09:17:09.871Z] [INFO] IndexService: indexFileContent: blog/Introducing the g9n blog.md → pageId=2
[2026-05-17T09:17:10.705Z] [INFO] decor: cached 0 lines, 0 wikilinks
[2026-05-17T09:17:10.705Z] [INFO] decor: rebuildCache (12 lines): 0.33ms
[2026-05-17T09:17:10.818Z] [INFO] decor: cached 0 lines, 0 wikilinks
[2026-05-17T09:17:10.818Z] [INFO] decor: rebuildCache (12 lines): 0.29ms
[2026-05-17T09:17:11.223Z] [INFO] decor: cached 0 lines, 0 wikilinks
[2026-05-17T09:17:11.223Z] [INFO] decor: rebuildCache (12 lines): 0.27ms
[2026-05-17T09:17:11.358Z] [INFO] decor: cached 0 lines, 0 wikilinks
[2026-05-17T09:17:11.358Z] [INFO] decor: rebuildCache (12 lines): 0.25ms
[2026-05-17T09:17:11.810Z] [INFO] IndexService: indexFileContent: blog/Introducing the g9n blog.md → pageId=2
[2026-05-17T09:17:11.988Z] [INFO] decor: cached 0 lines, 0 wikilinks
[2026-05-17T09:17:11.988Z] [INFO] decor: rebuildCache (12 lines): 0.26ms
[2026-05-17T09:17:12.167Z] [INFO] decor: cached 0 lines, 0 wikilinks
[2026-05-17T09:17:12.168Z] [INFO] decor: rebuildCache (12 lines): 0.29ms
[2026-05-17T09:17:12.641Z] [INFO] decor: cached 0 lines, 0 wikilinks
[2026-05-17T09:17:12.641Z] [INFO] decor: rebuildCache (12 lines): 0.19ms
[2026-05-17T09:17:12.771Z] [INFO] decor: cached 0 lines, 0 wikilinks
[2026-05-17T09:17:12.771Z] [INFO] decor: rebuildCache (12 lines): 0.26ms
[2026-05-17T09:17:13.225Z] [INFO] decor: cached 0 lines, 0 wikilinks
[2026-05-17T09:17:13.225Z] [INFO] decor: rebuildCache (12 lines): 0.25ms
[2026-05-17T09:17:13.314Z] [INFO] decor: cached 0 lines, 0 wikilinks
[2026-05-17T09:17:13.314Z] [INFO] decor: rebuildCache (12 lines): 0.24ms
[2026-05-17T09:17:13.519Z] [INFO] decor: cached 0 lines, 0 wikilinks
[2026-05-17T09:17:13.519Z] [INFO] decor: rebuildCache (12 lines): 0.30ms
[2026-05-17T09:17:13.970Z] [INFO] IndexService: indexFileContent: blog/Introducing the g9n blog.md → pageId=2
[2026-05-17T09:17:14.160Z] [INFO] decor: cached 0 lines, 0 wikilinks
[2026-05-17T09:17:14.160Z] [INFO] decor: rebuildCache (12 lines): 0.16ms
[2026-05-17T09:17:14.251Z] [INFO] decor: cached 0 lines, 0 wikilinks
[2026-05-17T09:17:14.251Z] [INFO] decor: rebuildCache (12 lines): 0.19ms
[2026-05-17T09:17:14.703Z] [INFO] IndexService: indexFileContent: blog/Introducing the g9n blog.md → pageId=2
[2026-05-17T09:17:14.976Z] [INFO] decor: cached 0 lines, 0 wikilinks
[2026-05-17T09:17:14.977Z] [INFO] decor: rebuildCache (12 lines): 0.24ms
[2026-05-17T09:17:15.228Z] [INFO] decor: cached 0 lines, 0 wikilinks
[2026-05-17T09:17:15.228Z] [INFO] decor: rebuildCache (12 lines): 0.25ms
[2026-05-17T09:17:15.322Z] [INFO] decor: cached 0 lines, 0 wikilinks
[2026-05-17T09:17:15.322Z] [INFO] decor: rebuildCache (12 lines): 0.25ms
[2026-05-17T09:17:15.520Z] [INFO] decor: cached 0 lines, 0 wikilinks
[2026-05-17T09:17:15.520Z] [INFO] decor: rebuildCache (12 lines): 0.25ms
[2026-05-17T09:17:15.589Z] [INFO] decor: cached 0 lines, 0 wikilinks
[2026-05-17T09:17:15.589Z] [INFO] decor: rebuildCache (12 lines): 0.63ms
[2026-05-17T09:17:15.805Z] [INFO] decor: cached 0 lines, 0 wikilinks
[2026-05-17T09:17:15.805Z] [INFO] decor: rebuildCache (12 lines): 0.27ms
[2026-05-17T09:17:15.860Z] [INFO] decor: cached 0 lines, 0 wikilinks
[2026-05-17T09:17:15.860Z] [INFO] decor: rebuildCache (12 lines): 0.31ms
[2026-05-17T09:17:16.312Z] [INFO] IndexService: indexFileContent: blog/Introducing the g9n blog.md → pageId=2
[2026-05-17T09:17:16.438Z] [INFO] decor: cached 0 lines, 0 wikilinks
[2026-05-17T09:17:16.439Z] [INFO] decor: rebuildCache (12 lines): 0.52ms
[2026-05-17T09:17:16.512Z] [INFO] decor: cached 0 lines, 0 wikilinks
[2026-05-17T09:17:16.512Z] [INFO] decor: rebuildCache (12 lines): 0.21ms
[2026-05-17T09:17:16.758Z] [INFO] decor: cached 0 lines, 0 wikilinks
[2026-05-17T09:17:16.758Z] [INFO] decor: rebuildCache (12 lines): 0.28ms
[2026-05-17T09:17:16.938Z] [INFO] decor: cached 0 lines, 0 wikilinks
[2026-05-17T09:17:16.938Z] [INFO] decor: rebuildCache (12 lines): 0.26ms
[2026-05-17T09:17:17.005Z] [INFO] decor: cached 0 lines, 0 wikilinks
[2026-05-17T09:17:17.005Z] [INFO] decor: rebuildCache (12 lines): 0.23ms
[2026-05-17T09:17:17.164Z] [INFO] decor: cached 0 lines, 0 wikilinks
[2026-05-17T09:17:17.164Z] [INFO] decor: rebuildCache (12 lines): 0.23ms
[2026-05-17T09:17:17.233Z] [INFO] decor: cached 0 lines, 0 wikilinks
[2026-05-17T09:17:17.233Z] [INFO] decor: rebuildCache (12 lines): 0.21ms
[2026-05-17T09:17:17.546Z] [INFO] decor: cached 0 lines, 0 wikilinks
[2026-05-17T09:17:17.546Z] [INFO] decor: rebuildCache (12 lines): 0.26ms
[2026-05-17T09:17:17.702Z] [INFO] decor: cached 0 lines, 0 wikilinks
[2026-05-17T09:17:17.702Z] [INFO] decor: rebuildCache (12 lines): 0.21ms
[2026-05-17T09:17:17.907Z] [INFO] decor: cached 0 lines, 0 wikilinks
[2026-05-17T09:17:17.907Z] [INFO] decor: rebuildCache (12 lines): 0.28ms
[2026-05-17T09:17:18.304Z] [INFO] decor: cached 0 lines, 0 wikilinks
[2026-05-17T09:17:18.304Z] [INFO] decor: rebuildCache (12 lines): 0.15ms
[2026-05-17T09:17:18.433Z] [INFO] decor: cached 0 lines, 0 wikilinks
[2026-05-17T09:17:18.433Z] [INFO] decor: rebuildCache (12 lines): 0.30ms
[2026-05-17T09:17:18.886Z] [INFO] IndexService: indexFileContent: blog/Introducing the g9n blog.md → pageId=2
[2026-05-17T09:17:23.283Z] [INFO] decor: cached 0 lines, 0 wikilinks
[2026-05-17T09:17:23.283Z] [INFO] decor: rebuildCache (12 lines): 0.31ms
[2026-05-17T09:17:23.634Z] [INFO] decor: cached 0 lines, 0 wikilinks
[2026-05-17T09:17:23.634Z] [INFO] decor: rebuildCache (12 lines): 0.25ms
[2026-05-17T09:17:23.800Z] [INFO] decor: cached 0 lines, 0 wikilinks
[2026-05-17T09:17:23.800Z] [INFO] decor: rebuildCache (12 lines): 0.21ms
[2026-05-17T09:17:23.900Z] [INFO] decor: cached 0 lines, 0 wikilinks
[2026-05-17T09:17:23.900Z] [INFO] decor: rebuildCache (12 lines): 0.20ms
[2026-05-17T09:17:24.353Z] [INFO] IndexService: indexFileContent: blog/Introducing the g9n blog.md → pageId=2
[2026-05-17T09:17:24.972Z] [INFO] decor: cached 0 lines, 0 wikilinks
[2026-05-17T09:17:24.972Z] [INFO] decor: rebuildCache (12 lines): 0.22ms
[2026-05-17T09:17:25.197Z] [INFO] decor: cached 0 lines, 0 wikilinks
[2026-05-17T09:17:25.197Z] [INFO] decor: rebuildCache (12 lines): 0.27ms
[2026-05-17T09:17:25.409Z] [INFO] decor: cached 0 lines, 0 wikilinks
[2026-05-17T09:17:25.409Z] [INFO] decor: rebuildCache (12 lines): 0.19ms
[2026-05-17T09:17:25.493Z] [INFO] decor: cached 0 lines, 0 wikilinks
[2026-05-17T09:17:25.493Z] [INFO] decor: rebuildCache (12 lines): 0.15ms
[2026-05-17T09:17:25.946Z] [INFO] IndexService: indexFileContent: blog/Introducing the g9n blog.md → pageId=2
[2026-05-17T09:17:26.109Z] [INFO] decor: cached 0 lines, 0 wikilinks
[2026-05-17T09:17:26.109Z] [INFO] decor: rebuildCache (12 lines): 0.25ms
[2026-05-17T09:17:26.432Z] [INFO] decor: cached 0 lines, 0 wikilinks
[2026-05-17T09:17:26.432Z] [INFO] decor: rebuildCache (12 lines): 0.20ms
[2026-05-17T09:17:26.556Z] [INFO] decor: cached 0 lines, 0 wikilinks
[2026-05-17T09:17:26.556Z] [INFO] decor: rebuildCache (12 lines): 0.22ms
[2026-05-17T09:17:27.007Z] [INFO] IndexService: indexFileContent: blog/Introducing the g9n blog.md → pageId=2
[2026-05-17T09:17:27.335Z] [INFO] decor: cached 0 lines, 0 wikilinks
[2026-05-17T09:17:27.335Z] [INFO] decor: rebuildCache (12 lines): 0.23ms
[2026-05-17T09:17:27.716Z] [INFO] decor: cached 0 lines, 0 wikilinks
[2026-05-17T09:17:27.716Z] [INFO] decor: rebuildCache (12 lines): 0.31ms
[2026-05-17T09:17:27.937Z] [INFO] decor: cached 0 lines, 0 wikilinks
[2026-05-17T09:17:27.937Z] [INFO] decor: rebuildCache (12 lines): 0.15ms
[2026-05-17T09:17:28.097Z] [INFO] decor: cached 0 lines, 0 wikilinks
[2026-05-17T09:17:28.097Z] [INFO] decor: rebuildCache (12 lines): 0.37ms
[2026-05-17T09:17:28.210Z] [INFO] decor: cached 0 lines, 0 wikilinks
[2026-05-17T09:17:28.211Z] [INFO] decor: rebuildCache (12 lines): 0.35ms
[2026-05-17T09:17:28.457Z] [INFO] decor: cached 0 lines, 0 wikilinks
[2026-05-17T09:17:28.458Z] [INFO] decor: rebuildCache (12 lines): 0.32ms
[2026-05-17T09:17:28.617Z] [INFO] decor: cached 0 lines, 0 wikilinks
[2026-05-17T09:17:28.618Z] [INFO] decor: rebuildCache (12 lines): 0.30ms
[2026-05-17T09:17:28.717Z] [INFO] decor: cached 0 lines, 0 wikilinks
[2026-05-17T09:17:28.718Z] [INFO] decor: rebuildCache (12 lines): 0.33ms
[2026-05-17T09:17:28.847Z] [INFO] decor: cached 0 lines, 0 wikilinks
[2026-05-17T09:17:28.847Z] [INFO] decor: rebuildCache (12 lines): 0.25ms
[2026-05-17T09:17:29.066Z] [INFO] decor: cached 0 lines, 0 wikilinks
[2026-05-17T09:17:29.066Z] [INFO] decor: rebuildCache (12 lines): 0.22ms
[2026-05-17T09:17:29.430Z] [INFO] decor: cached 0 lines, 0 wikilinks
[2026-05-17T09:17:29.430Z] [INFO] decor: rebuildCache (12 lines): 0.21ms
[2026-05-17T09:17:29.573Z] [INFO] decor: cached 0 lines, 0 wikilinks
[2026-05-17T09:17:29.573Z] [INFO] decor: rebuildCache (12 lines): 0.22ms
[2026-05-17T09:17:29.731Z] [INFO] decor: cached 0 lines, 0 wikilinks
[2026-05-17T09:17:29.731Z] [INFO] decor: rebuildCache (12 lines): 0.27ms
[2026-05-17T09:17:30.168Z] [INFO] decor: cached 0 lines, 0 wikilinks
[2026-05-17T09:17:30.168Z] [INFO] decor: rebuildCache (12 lines): 0.44ms
[2026-05-17T09:17:30.460Z] [INFO] decor: cached 0 lines, 0 wikilinks
[2026-05-17T09:17:30.460Z] [INFO] decor: rebuildCache (12 lines): 0.20ms
[2026-05-17T09:17:30.826Z] [INFO] decor: cached 0 lines, 0 wikilinks
[2026-05-17T09:17:30.826Z] [INFO] decor: rebuildCache (12 lines): 0.14ms
[2026-05-17T09:17:31.038Z] [INFO] decor: cached 0 lines, 0 wikilinks
[2026-05-17T09:17:31.038Z] [INFO] decor: rebuildCache (12 lines): 0.25ms
[2026-05-17T09:17:31.126Z] [INFO] decor: cached 0 lines, 0 wikilinks
[2026-05-17T09:17:31.126Z] [INFO] decor: rebuildCache (12 lines): 0.22ms
[2026-05-17T09:17:31.578Z] [INFO] IndexService: indexFileContent: blog/Introducing the g9n blog.md → pageId=2
[2026-05-17T09:17:33.476Z] [INFO] decor: cached 0 lines, 0 wikilinks
[2026-05-17T09:17:33.476Z] [INFO] decor: rebuildCache (12 lines): 0.28ms
[2026-05-17T09:17:33.678Z] [INFO] decor: cached 0 lines, 0 wikilinks
[2026-05-17T09:17:33.678Z] [INFO] decor: rebuildCache (12 lines): 0.26ms
[2026-05-17T09:17:33.771Z] [INFO] decor: cached 0 lines, 0 wikilinks
[2026-05-17T09:17:33.771Z] [INFO] decor: rebuildCache (12 lines): 0.23ms
[2026-05-17T09:17:33.946Z] [INFO] decor: cached 0 lines, 0 wikilinks
[2026-05-17T09:17:33.946Z] [INFO] decor: rebuildCache (12 lines): 0.20ms
[2026-05-17T09:17:34.126Z] [INFO] decor: cached 0 lines, 0 wikilinks
[2026-05-17T09:17:34.126Z] [INFO] decor: rebuildCache (12 lines): 0.20ms
[2026-05-17T09:17:34.578Z] [INFO] IndexService: indexFileContent: blog/Introducing the g9n blog.md → pageId=2
[2026-05-17T09:17:34.863Z] [INFO] decor: cached 0 lines, 0 wikilinks
[2026-05-17T09:17:34.863Z] [INFO] decor: rebuildCache (12 lines): 0.20ms
[2026-05-17T09:17:35.076Z] [INFO] decor: cached 0 lines, 0 wikilinks
[2026-05-17T09:17:35.076Z] [INFO] decor: rebuildCache (12 lines): 0.17ms
[2026-05-17T09:17:35.196Z] [INFO] decor: cached 0 lines, 0 wikilinks
[2026-05-17T09:17:35.196Z] [INFO] decor: rebuildCache (12 lines): 0.23ms
[2026-05-17T09:17:35.335Z] [INFO] decor: cached 0 lines, 0 wikilinks
[2026-05-17T09:17:35.336Z] [INFO] decor: rebuildCache (12 lines): 0.30ms
[2026-05-17T09:17:35.656Z] [INFO] decor: cached 0 lines, 0 wikilinks
[2026-05-17T09:17:35.656Z] [INFO] decor: rebuildCache (12 lines): 0.22ms
[2026-05-17T09:17:35.786Z] [INFO] decor: cached 0 lines, 0 wikilinks
[2026-05-17T09:17:35.786Z] [INFO] decor: rebuildCache (12 lines): 0.29ms
[2026-05-17T09:17:35.860Z] [INFO] decor: cached 0 lines, 0 wikilinks
[2026-05-17T09:17:35.860Z] [INFO] decor: rebuildCache (12 lines): 0.23ms
[2026-05-17T09:17:35.999Z] [INFO] decor: cached 0 lines, 0 wikilinks
[2026-05-17T09:17:35.999Z] [INFO] decor: rebuildCache (12 lines): 0.35ms
[2026-05-17T09:17:36.323Z] [INFO] decor: cached 0 lines, 0 wikilinks
[2026-05-17T09:17:36.323Z] [INFO] decor: rebuildCache (12 lines): 0.18ms
[2026-05-17T09:17:36.448Z] [INFO] decor: cached 0 lines, 0 wikilinks
[2026-05-17T09:17:36.448Z] [INFO] decor: rebuildCache (12 lines): 0.29ms
[2026-05-17T09:17:36.900Z] [INFO] IndexService: indexFileContent: blog/Introducing the g9n blog.md → pageId=2
[2026-05-17T09:17:37.064Z] [INFO] decor: cached 0 lines, 0 wikilinks
[2026-05-17T09:17:37.064Z] [INFO] decor: rebuildCache (12 lines): 0.19ms
[2026-05-17T09:17:37.233Z] [INFO] decor: cached 0 lines, 0 wikilinks
[2026-05-17T09:17:37.233Z] [INFO] decor: rebuildCache (12 lines): 0.29ms
[2026-05-17T09:17:37.413Z] [INFO] decor: cached 0 lines, 0 wikilinks
[2026-05-17T09:17:37.413Z] [INFO] decor: rebuildCache (12 lines): 0.32ms
[2026-05-17T09:17:37.517Z] [INFO] decor: cached 0 lines, 0 wikilinks
[2026-05-17T09:17:37.517Z] [INFO] decor: rebuildCache (12 lines): 0.25ms
[2026-05-17T09:17:37.665Z] [INFO] decor: cached 0 lines, 0 wikilinks
[2026-05-17T09:17:37.665Z] [INFO] decor: rebuildCache (12 lines): 0.19ms
[2026-05-17T09:17:37.892Z] [INFO] decor: cached 0 lines, 0 wikilinks
[2026-05-17T09:17:37.892Z] [INFO] decor: rebuildCache (12 lines): 0.21ms
[2026-05-17T09:17:38.008Z] [INFO] decor: cached 0 lines, 0 wikilinks
[2026-05-17T09:17:38.008Z] [INFO] decor: rebuildCache (12 lines): 0.21ms
[2026-05-17T09:17:38.294Z] [INFO] decor: cached 0 lines, 0 wikilinks
[2026-05-17T09:17:38.294Z] [INFO] decor: rebuildCache (12 lines): 0.21ms
[2026-05-17T09:17:38.513Z] [INFO] decor: cached 0 lines, 0 wikilinks
[2026-05-17T09:17:38.513Z] [INFO] decor: rebuildCache (12 lines): 0.21ms
[2026-05-17T09:17:38.584Z] [INFO] decor: cached 0 lines, 0 wikilinks
[2026-05-17T09:17:38.585Z] [INFO] decor: rebuildCache (12 lines): 0.28ms
[2026-05-17T09:17:38.852Z] [INFO] decor: cached 0 lines, 0 wikilinks
[2026-05-17T09:17:38.852Z] [INFO] decor: rebuildCache (12 lines): 0.26ms
[2026-05-17T09:17:38.968Z] [INFO] decor: cached 0 lines, 0 wikilinks
[2026-05-17T09:17:38.968Z] [INFO] decor: rebuildCache (12 lines): 0.24ms
[2026-05-17T09:17:39.235Z] [INFO] decor: cached 0 lines, 0 wikilinks
[2026-05-17T09:17:39.235Z] [INFO] decor: rebuildCache (12 lines): 0.27ms
[2026-05-17T09:17:39.348Z] [INFO] decor: cached 0 lines, 0 wikilinks
[2026-05-17T09:17:39.348Z] [INFO] decor: rebuildCache (12 lines): 0.30ms
[2026-05-17T09:17:39.436Z] [INFO] decor: cached 0 lines, 0 wikilinks
[2026-05-17T09:17:39.436Z] [INFO] decor: rebuildCache (12 lines): 0.31ms
[2026-05-17T09:17:39.513Z] [INFO] decor: cached 0 lines, 0 wikilinks
[2026-05-17T09:17:39.513Z] [INFO] decor: rebuildCache (12 lines): 0.28ms
[2026-05-17T09:17:39.594Z] [INFO] decor: cached 0 lines, 0 wikilinks
[2026-05-17T09:17:39.595Z] [INFO] decor: rebuildCache (12 lines): 0.33ms
[2026-05-17T09:17:39.730Z] [INFO] decor: cached 0 lines, 0 wikilinks
[2026-05-17T09:17:39.730Z] [INFO] decor: rebuildCache (12 lines): 0.25ms
[2026-05-17T09:17:39.841Z] [INFO] decor: cached 0 lines, 0 wikilinks
[2026-05-17T09:17:39.842Z] [INFO] decor: rebuildCache (12 lines): 0.36ms
[2026-05-17T09:17:40.093Z] [INFO] decor: cached 0 lines, 0 wikilinks
[2026-05-17T09:17:40.093Z] [INFO] decor: rebuildCache (12 lines): 0.24ms
[2026-05-17T09:17:40.179Z] [INFO] decor: cached 0 lines, 0 wikilinks
[2026-05-17T09:17:40.180Z] [INFO] decor: rebuildCache (12 lines): 0.28ms
[2026-05-17T09:17:40.387Z] [INFO] decor: cached 0 lines, 0 wikilinks
[2026-05-17T09:17:40.388Z] [INFO] decor: rebuildCache (12 lines): 0.38ms
[2026-05-17T09:17:40.511Z] [INFO] decor: cached 0 lines, 0 wikilinks
[2026-05-17T09:17:40.511Z] [INFO] decor: rebuildCache (12 lines): 0.14ms
[2026-05-17T09:17:40.739Z] [INFO] decor: cached 0 lines, 0 wikilinks
[2026-05-17T09:17:40.739Z] [INFO] decor: rebuildCache (12 lines): 0.34ms
[2026-05-17T09:17:40.834Z] [INFO] decor: cached 0 lines, 0 wikilinks
[2026-05-17T09:17:40.834Z] [INFO] decor: rebuildCache (12 lines): 0.26ms
[2026-05-17T09:17:40.995Z] [INFO] decor: cached 0 lines, 0 wikilinks
[2026-05-17T09:17:40.995Z] [INFO] decor: rebuildCache (12 lines): 0.24ms
[2026-05-17T09:17:41.091Z] [INFO] decor: cached 0 lines, 0 wikilinks
[2026-05-17T09:17:41.091Z] [INFO] decor: rebuildCache (12 lines): 0.27ms
[2026-05-17T09:17:41.188Z] [INFO] decor: cached 0 lines, 0 wikilinks
[2026-05-17T09:17:41.188Z] [INFO] decor: rebuildCache (12 lines): 0.35ms
[2026-05-17T09:17:41.285Z] [INFO] decor: cached 0 lines, 0 wikilinks
[2026-05-17T09:17:41.286Z] [INFO] decor: rebuildCache (12 lines): 0.25ms
[2026-05-17T09:17:41.737Z] [INFO] IndexService: indexFileContent: blog/Introducing the g9n blog.md → pageId=2
[2026-05-17T09:17:41.946Z] [INFO] decor: cached 0 lines, 0 wikilinks
[2026-05-17T09:17:41.946Z] [INFO] decor: rebuildCache (12 lines): 0.28ms
[2026-05-17T09:17:42.024Z] [INFO] decor: cached 0 lines, 0 wikilinks
[2026-05-17T09:17:42.024Z] [INFO] decor: rebuildCache (12 lines): 0.22ms
[2026-05-17T09:17:42.178Z] [INFO] decor: cached 0 lines, 0 wikilinks
[2026-05-17T09:17:42.179Z] [INFO] decor: rebuildCache (12 lines): 0.27ms
[2026-05-17T09:17:42.335Z] [INFO] decor: cached 0 lines, 0 wikilinks
[2026-05-17T09:17:42.335Z] [INFO] decor: rebuildCache (12 lines): 0.21ms
[2026-05-17T09:17:42.570Z] [INFO] decor: cached 0 lines, 0 wikilinks
[2026-05-17T09:17:42.570Z] [INFO] decor: rebuildCache (12 lines): 0.22ms
[2026-05-17T09:17:42.943Z] [INFO] decor: cached 0 lines, 0 wikilinks
[2026-05-17T09:17:42.943Z] [INFO] decor: rebuildCache (12 lines): 0.21ms
[2026-05-17T09:17:43.085Z] [INFO] decor: cached 0 lines, 0 wikilinks
[2026-05-17T09:17:43.085Z] [INFO] decor: rebuildCache (12 lines): 0.24ms
[2026-05-17T09:17:43.196Z] [INFO] decor: cached 0 lines, 0 wikilinks
[2026-05-17T09:17:43.196Z] [INFO] decor: rebuildCache (12 lines): 0.20ms
[2026-05-17T09:17:43.336Z] [INFO] decor: cached 0 lines, 0 wikilinks
[2026-05-17T09:17:43.336Z] [INFO] decor: rebuildCache (12 lines): 0.24ms
[2026-05-17T09:17:43.447Z] [INFO] decor: cached 0 lines, 0 wikilinks
[2026-05-17T09:17:43.447Z] [INFO] decor: rebuildCache (12 lines): 0.22ms
[2026-05-17T09:17:43.533Z] [INFO] decor: cached 0 lines, 0 wikilinks
[2026-05-17T09:17:43.533Z] [INFO] decor: rebuildCache (12 lines): 0.22ms
[2026-05-17T09:17:43.761Z] [INFO] decor: cached 0 lines, 0 wikilinks
[2026-05-17T09:17:43.762Z] [INFO] decor: rebuildCache (12 lines): 0.29ms
[2026-05-17T09:17:44.213Z] [INFO] IndexService: indexFileContent: blog/Introducing the g9n blog.md → pageId=2
[2026-05-17T09:17:44.468Z] [INFO] decor: cached 0 lines, 0 wikilinks
[2026-05-17T09:17:44.468Z] [INFO] decor: rebuildCache (12 lines): 0.21ms
[2026-05-17T09:17:44.657Z] [INFO] decor: cached 0 lines, 0 wikilinks
[2026-05-17T09:17:44.657Z] [INFO] decor: rebuildCache (12 lines): 0.26ms
[2026-05-17T09:17:44.729Z] [INFO] decor: cached 0 lines, 0 wikilinks
[2026-05-17T09:17:44.730Z] [INFO] decor: rebuildCache (12 lines): 0.26ms
[2026-05-17T09:17:44.927Z] [INFO] decor: cached 0 lines, 0 wikilinks
[2026-05-17T09:17:44.928Z] [INFO] decor: rebuildCache (12 lines): 0.25ms
[2026-05-17T09:17:45.040Z] [INFO] decor: cached 0 lines, 0 wikilinks
[2026-05-17T09:17:45.041Z] [INFO] decor: rebuildCache (12 lines): 0.26ms
[2026-05-17T09:17:45.129Z] [INFO] decor: cached 0 lines, 0 wikilinks
[2026-05-17T09:17:45.129Z] [INFO] decor: rebuildCache (12 lines): 0.26ms
[2026-05-17T09:17:45.267Z] [INFO] decor: cached 0 lines, 0 wikilinks
[2026-05-17T09:17:45.267Z] [INFO] decor: rebuildCache (12 lines): 0.34ms
[2026-05-17T09:17:45.513Z] [INFO] decor: cached 0 lines, 0 wikilinks
[2026-05-17T09:17:45.513Z] [INFO] decor: rebuildCache (12 lines): 0.23ms
[2026-05-17T09:17:45.695Z] [INFO] decor: cached 0 lines, 0 wikilinks
[2026-05-17T09:17:45.695Z] [INFO] decor: rebuildCache (12 lines): 0.27ms
[2026-05-17T09:17:45.817Z] [INFO] decor: cached 0 lines, 0 wikilinks
[2026-05-17T09:17:45.817Z] [INFO] decor: rebuildCache (12 lines): 0.18ms
[2026-05-17T09:17:45.901Z] [INFO] decor: cached 0 lines, 0 wikilinks
[2026-05-17T09:17:45.902Z] [INFO] decor: rebuildCache (12 lines): 0.20ms
[2026-05-17T09:17:46.008Z] [INFO] decor: cached 0 lines, 0 wikilinks
[2026-05-17T09:17:46.008Z] [INFO] decor: rebuildCache (12 lines): 0.26ms
[2026-05-17T09:17:46.163Z] [INFO] decor: cached 0 lines, 0 wikilinks
[2026-05-17T09:17:46.163Z] [INFO] decor: rebuildCache (12 lines): 0.29ms
[2026-05-17T09:17:46.639Z] [INFO] decor: cached 0 lines, 0 wikilinks
[2026-05-17T09:17:46.639Z] [INFO] decor: rebuildCache (12 lines): 0.25ms
[2026-05-17T09:17:46.716Z] [INFO] decor: cached 0 lines, 0 wikilinks
[2026-05-17T09:17:46.716Z] [INFO] decor: rebuildCache (12 lines): 0.28ms
[2026-05-17T09:17:46.909Z] [INFO] decor: cached 0 lines, 0 wikilinks
[2026-05-17T09:17:46.909Z] [INFO] decor: rebuildCache (12 lines): 0.28ms
[2026-05-17T09:17:46.997Z] [INFO] decor: cached 0 lines, 0 wikilinks
[2026-05-17T09:17:46.997Z] [INFO] decor: rebuildCache (12 lines): 0.22ms
[2026-05-17T09:17:47.177Z] [INFO] decor: cached 0 lines, 0 wikilinks
[2026-05-17T09:17:47.178Z] [INFO] decor: rebuildCache (12 lines): 0.31ms
[2026-05-17T09:17:47.315Z] [INFO] decor: cached 0 lines, 0 wikilinks
[2026-05-17T09:17:47.315Z] [INFO] decor: rebuildCache (12 lines): 0.32ms
[2026-05-17T09:17:47.515Z] [INFO] decor: cached 0 lines, 0 wikilinks
[2026-05-17T09:17:47.515Z] [INFO] decor: rebuildCache (12 lines): 0.24ms
[2026-05-17T09:17:47.718Z] [INFO] decor: cached 0 lines, 0 wikilinks
[2026-05-17T09:17:47.718Z] [INFO] decor: rebuildCache (12 lines): 0.26ms
[2026-05-17T09:17:47.860Z] [INFO] decor: cached 0 lines, 0 wikilinks
[2026-05-17T09:17:47.861Z] [INFO] decor: rebuildCache (12 lines): 0.20ms
[2026-05-17T09:17:48.312Z] [INFO] IndexService: indexFileContent: blog/Introducing the g9n blog.md → pageId=2
[2026-05-17T09:17:48.542Z] [INFO] decor: cached 0 lines, 0 wikilinks
[2026-05-17T09:17:48.542Z] [INFO] decor: rebuildCache (12 lines): 0.22ms
[2026-05-17T09:17:48.596Z] [INFO] decor: cached 0 lines, 0 wikilinks
[2026-05-17T09:17:48.596Z] [INFO] decor: rebuildCache (12 lines): 0.34ms
[2026-05-17T09:17:48.754Z] [INFO] decor: cached 0 lines, 0 wikilinks
[2026-05-17T09:17:48.754Z] [INFO] decor: rebuildCache (12 lines): 0.21ms
[2026-05-17T09:17:48.823Z] [INFO] decor: cached 0 lines, 0 wikilinks
[2026-05-17T09:17:48.823Z] [INFO] decor: rebuildCache (12 lines): 0.15ms
[2026-05-17T09:17:48.908Z] [INFO] decor: cached 0 lines, 0 wikilinks
[2026-05-17T09:17:48.908Z] [INFO] decor: rebuildCache (12 lines): 0.24ms
[2026-05-17T09:17:49.360Z] [INFO] IndexService: indexFileContent: blog/Introducing the g9n blog.md → pageId=2
[2026-05-17T09:17:49.633Z] [INFO] decor: cached 0 lines, 0 wikilinks
[2026-05-17T09:17:49.633Z] [INFO] decor: rebuildCache (12 lines): 0.18ms
[2026-05-17T09:17:49.875Z] [INFO] decor: cached 0 lines, 0 wikilinks
[2026-05-17T09:17:49.875Z] [INFO] decor: rebuildCache (12 lines): 0.19ms
[2026-05-17T09:17:49.960Z] [INFO] decor: cached 0 lines, 0 wikilinks
[2026-05-17T09:17:49.960Z] [INFO] decor: rebuildCache (12 lines): 0.23ms
[2026-05-17T09:17:50.194Z] [INFO] decor: cached 0 lines, 0 wikilinks
[2026-05-17T09:17:50.194Z] [INFO] decor: rebuildCache (12 lines): 0.28ms
[2026-05-17T09:17:50.302Z] [INFO] decor: cached 0 lines, 0 wikilinks
[2026-05-17T09:17:50.303Z] [INFO] decor: rebuildCache (12 lines): 0.29ms
[2026-05-17T09:17:50.417Z] [INFO] decor: cached 0 lines, 0 wikilinks
[2026-05-17T09:17:50.417Z] [INFO] decor: rebuildCache (12 lines): 0.20ms
[2026-05-17T09:17:50.531Z] [INFO] decor: cached 0 lines, 0 wikilinks
[2026-05-17T09:17:50.532Z] [INFO] decor: rebuildCache (12 lines): 0.29ms
[2026-05-17T09:17:50.686Z] [INFO] decor: cached 0 lines, 0 wikilinks
[2026-05-17T09:17:50.686Z] [INFO] decor: rebuildCache (12 lines): 0.24ms
[2026-05-17T09:17:50.786Z] [INFO] decor: cached 0 lines, 0 wikilinks
[2026-05-17T09:17:50.786Z] [INFO] decor: rebuildCache (12 lines): 0.21ms
[2026-05-17T09:17:51.238Z] [INFO] IndexService: indexFileContent: blog/Introducing the g9n blog.md → pageId=2
[2026-05-17T09:17:53.388Z] [INFO] decor: cached 0 lines, 0 wikilinks
[2026-05-17T09:17:53.389Z] [INFO] decor: rebuildCache (12 lines): 0.25ms
[2026-05-17T09:17:53.477Z] [INFO] decor: cached 0 lines, 0 wikilinks
[2026-05-17T09:17:53.478Z] [INFO] decor: rebuildCache (12 lines): 0.31ms
[2026-05-17T09:17:53.631Z] [INFO] decor: cached 0 lines, 0 wikilinks
[2026-05-17T09:17:53.631Z] [INFO] decor: rebuildCache (12 lines): 0.18ms
[2026-05-17T09:17:53.762Z] [INFO] decor: cached 0 lines, 0 wikilinks
[2026-05-17T09:17:53.762Z] [INFO] decor: rebuildCache (12 lines): 0.21ms
[2026-05-17T09:17:54.214Z] [INFO] IndexService: indexFileContent: blog/Introducing the g9n blog.md → pageId=2
[2026-05-17T09:17:54.761Z] [INFO] decor: cached 0 lines, 0 wikilinks
[2026-05-17T09:17:54.762Z] [INFO] decor: rebuildCache (12 lines): 0.26ms
[2026-05-17T09:17:54.939Z] [INFO] decor: cached 0 lines, 0 wikilinks
[2026-05-17T09:17:54.939Z] [INFO] decor: rebuildCache (12 lines): 0.22ms
[2026-05-17T09:17:55.093Z] [INFO] decor: cached 0 lines, 0 wikilinks
[2026-05-17T09:17:55.093Z] [INFO] decor: rebuildCache (12 lines): 0.14ms
[2026-05-17T09:17:55.206Z] [INFO] decor: cached 0 lines, 0 wikilinks
[2026-05-17T09:17:55.206Z] [INFO] decor: rebuildCache (12 lines): 0.24ms
[2026-05-17T09:17:55.308Z] [INFO] decor: cached 0 lines, 0 wikilinks
[2026-05-17T09:17:55.309Z] [INFO] decor: rebuildCache (12 lines): 0.65ms
[2026-05-17T09:17:55.409Z] [INFO] decor: cached 0 lines, 0 wikilinks
[2026-05-17T09:17:55.410Z] [INFO] decor: rebuildCache (12 lines): 0.25ms
[2026-05-17T09:17:55.862Z] [INFO] IndexService: indexFileContent: blog/Introducing the g9n blog.md → pageId=2
[2026-05-17T09:17:56.358Z] [INFO] decor: cached 0 lines, 0 wikilinks
[2026-05-17T09:17:56.358Z] [INFO] decor: rebuildCache (12 lines): 0.28ms
[2026-05-17T09:17:56.786Z] [INFO] decor: cached 0 lines, 0 wikilinks
[2026-05-17T09:17:56.787Z] [INFO] decor: rebuildCache (12 lines): 0.24ms
[2026-05-17T09:17:57.055Z] [INFO] decor: cached 0 lines, 0 wikilinks
[2026-05-17T09:17:57.055Z] [INFO] decor: rebuildCache (12 lines): 0.23ms
[2026-05-17T09:17:57.235Z] [INFO] decor: cached 0 lines, 0 wikilinks
[2026-05-17T09:17:57.235Z] [INFO] decor: rebuildCache (12 lines): 0.26ms
[2026-05-17T09:17:57.370Z] [INFO] decor: cached 0 lines, 0 wikilinks
[2026-05-17T09:17:57.370Z] [INFO] decor: rebuildCache (12 lines): 0.23ms
[2026-05-17T09:17:57.461Z] [INFO] decor: cached 0 lines, 0 wikilinks
[2026-05-17T09:17:57.461Z] [INFO] decor: rebuildCache (12 lines): 0.21ms
[2026-05-17T09:17:57.572Z] [INFO] decor: cached 0 lines, 0 wikilinks
[2026-05-17T09:17:57.573Z] [INFO] decor: rebuildCache (12 lines): 0.30ms
[2026-05-17T09:17:58.025Z] [INFO] IndexService: indexFileContent: blog/Introducing the g9n blog.md → pageId=2
[2026-05-17T09:18:01.669Z] [INFO] decor: cached 0 lines, 0 wikilinks
[2026-05-17T09:18:01.669Z] [INFO] decor: rebuildCache (12 lines): 0.33ms
[2026-05-17T09:18:01.917Z] [INFO] decor: cached 0 lines, 0 wikilinks
[2026-05-17T09:18:01.917Z] [INFO] decor: rebuildCache (12 lines): 0.13ms
[2026-05-17T09:18:01.997Z] [INFO] decor: cached 0 lines, 0 wikilinks
[2026-05-17T09:18:01.997Z] [INFO] decor: rebuildCache (12 lines): 0.26ms
[2026-05-17T09:18:02.115Z] [INFO] decor: cached 0 lines, 0 wikilinks
[2026-05-17T09:18:02.116Z] [INFO] decor: rebuildCache (12 lines): 0.23ms
[2026-05-17T09:18:02.229Z] [INFO] decor: cached 0 lines, 0 wikilinks
[2026-05-17T09:18:02.230Z] [INFO] decor: rebuildCache (12 lines): 0.28ms
[2026-05-17T09:18:02.682Z] [INFO] IndexService: indexFileContent: blog/Introducing the g9n blog.md → pageId=2
[2026-05-17T09:18:03.291Z] [INFO] decor: cached 0 lines, 0 wikilinks
[2026-05-17T09:18:03.291Z] [INFO] decor: rebuildCache (12 lines): 0.23ms
[2026-05-17T09:18:03.422Z] [INFO] decor: cached 0 lines, 0 wikilinks
[2026-05-17T09:18:03.422Z] [INFO] decor: rebuildCache (12 lines): 0.24ms
[2026-05-17T09:18:03.560Z] [INFO] decor: cached 0 lines, 0 wikilinks
[2026-05-17T09:18:03.560Z] [INFO] decor: rebuildCache (12 lines): 0.27ms
[2026-05-17T09:18:03.714Z] [INFO] decor: cached 0 lines, 0 wikilinks
[2026-05-17T09:18:03.714Z] [INFO] decor: rebuildCache (12 lines): 0.28ms
[2026-05-17T09:18:04.142Z] [INFO] decor: cached 0 lines, 0 wikilinks
[2026-05-17T09:18:04.142Z] [INFO] decor: rebuildCache (12 lines): 0.26ms
[2026-05-17T09:18:04.594Z] [INFO] IndexService: indexFileContent: blog/Introducing the g9n blog.md → pageId=2
[2026-05-17T09:18:07.678Z] [INFO] decor: cached 0 lines, 0 wikilinks
[2026-05-17T09:18:07.679Z] [INFO] decor: rebuildCache (12 lines): 0.23ms
[2026-05-17T09:18:07.795Z] [INFO] decor: cached 0 lines, 0 wikilinks
[2026-05-17T09:18:07.795Z] [INFO] decor: rebuildCache (12 lines): 0.23ms
[2026-05-17T09:18:07.922Z] [INFO] decor: cached 0 lines, 0 wikilinks
[2026-05-17T09:18:07.922Z] [INFO] decor: rebuildCache (12 lines): 0.36ms
[2026-05-17T09:18:08.013Z] [INFO] decor: cached 0 lines, 0 wikilinks
[2026-05-17T09:18:08.013Z] [INFO] decor: rebuildCache (12 lines): 0.12ms
[2026-05-17T09:18:08.150Z] [INFO] decor: cached 0 lines, 0 wikilinks
[2026-05-17T09:18:08.151Z] [INFO] decor: rebuildCache (12 lines): 0.27ms
[2026-05-17T09:18:08.233Z] [INFO] decor: cached 0 lines, 0 wikilinks
[2026-05-17T09:18:08.233Z] [INFO] decor: rebuildCache (12 lines): 0.25ms
[2026-05-17T09:18:08.350Z] [INFO] decor: cached 0 lines, 0 wikilinks
[2026-05-17T09:18:08.350Z] [INFO] decor: rebuildCache (12 lines): 0.22ms
[2026-05-17T09:18:08.484Z] [INFO] decor: cached 0 lines, 0 wikilinks
[2026-05-17T09:18:08.485Z] [INFO] decor: rebuildCache (12 lines): 0.83ms
[2026-05-17T09:18:08.571Z] [INFO] decor: cached 0 lines, 0 wikilinks
[2026-05-17T09:18:08.571Z] [INFO] decor: rebuildCache (12 lines): 0.23ms
[2026-05-17T09:18:08.754Z] [INFO] decor: cached 0 lines, 0 wikilinks
[2026-05-17T09:18:08.754Z] [INFO] decor: rebuildCache (12 lines): 0.20ms
[2026-05-17T09:18:08.930Z] [INFO] decor: cached 0 lines, 0 wikilinks
[2026-05-17T09:18:08.930Z] [INFO] decor: rebuildCache (12 lines): 0.21ms
[2026-05-17T09:18:09.030Z] [INFO] decor: cached 0 lines, 0 wikilinks
[2026-05-17T09:18:09.030Z] [INFO] decor: rebuildCache (12 lines): 0.23ms
[2026-05-17T09:18:09.166Z] [INFO] decor: cached 0 lines, 0 wikilinks
[2026-05-17T09:18:09.166Z] [INFO] decor: rebuildCache (12 lines): 0.27ms
[2026-05-17T09:18:09.322Z] [INFO] decor: cached 0 lines, 0 wikilinks
[2026-05-17T09:18:09.322Z] [INFO] decor: rebuildCache (12 lines): 0.22ms
[2026-05-17T09:18:09.482Z] [INFO] decor: cached 0 lines, 0 wikilinks
[2026-05-17T09:18:09.482Z] [INFO] decor: rebuildCache (12 lines): 0.23ms
[2026-05-17T09:18:09.639Z] [INFO] decor: cached 0 lines, 0 wikilinks
[2026-05-17T09:18:09.639Z] [INFO] decor: rebuildCache (12 lines): 0.23ms
[2026-05-17T09:18:10.078Z] [INFO] decor: cached 0 lines, 0 wikilinks
[2026-05-17T09:18:10.078Z] [INFO] decor: rebuildCache (12 lines): 0.20ms
[2026-05-17T09:18:10.530Z] [INFO] IndexService: indexFileContent: blog/Introducing the g9n blog.md → pageId=2
[2026-05-17T09:18:10.627Z] [INFO] decor: cached 0 lines, 0 wikilinks
[2026-05-17T09:18:10.628Z] [INFO] decor: rebuildCache (12 lines): 0.22ms
[2026-05-17T09:18:10.768Z] [INFO] decor: cached 0 lines, 0 wikilinks
[2026-05-17T09:18:10.768Z] [INFO] decor: rebuildCache (12 lines): 0.24ms
[2026-05-17T09:18:11.219Z] [INFO] IndexService: indexFileContent: blog/Introducing the g9n blog.md → pageId=2
[2026-05-17T09:18:11.638Z] [INFO] decor: cached 0 lines, 0 wikilinks
[2026-05-17T09:18:11.638Z] [INFO] decor: rebuildCache (12 lines): 0.21ms
[2026-05-17T09:18:11.913Z] [INFO] decor: cached 0 lines, 0 wikilinks
[2026-05-17T09:18:11.913Z] [INFO] decor: rebuildCache (12 lines): 0.14ms
[2026-05-17T09:18:12.365Z] [INFO] IndexService: indexFileContent: blog/Introducing the g9n blog.md → pageId=2
[2026-05-17T09:18:13.839Z] [INFO] decor: cached 0 lines, 0 wikilinks
[2026-05-17T09:18:13.840Z] [INFO] decor: rebuildCache (12 lines): 0.28ms
[2026-05-17T09:18:14.155Z] [INFO] decor: cached 0 lines, 0 wikilinks
[2026-05-17T09:18:14.155Z] [INFO] decor: rebuildCache (12 lines): 0.15ms
[2026-05-17T09:18:14.413Z] [INFO] decor: cached 0 lines, 0 wikilinks
[2026-05-17T09:18:14.413Z] [INFO] decor: rebuildCache (12 lines): 0.29ms
[2026-05-17T09:18:14.467Z] [INFO] decor: cached 0 lines, 0 wikilinks
[2026-05-17T09:18:14.467Z] [INFO] decor: rebuildCache (12 lines): 0.20ms
[2026-05-17T09:18:14.919Z] [INFO] IndexService: indexFileContent: blog/Introducing the g9n blog.md → pageId=2
[2026-05-17T09:18:17.824Z] [INFO] decor: cached 0 lines, 0 wikilinks
[2026-05-17T09:18:17.824Z] [INFO] decor: rebuildCache (12 lines): 0.24ms
[2026-05-17T09:18:18.137Z] [INFO] decor: cached 0 lines, 0 wikilinks
[2026-05-17T09:18:18.137Z] [INFO] decor: rebuildCache (12 lines): 0.18ms
[2026-05-17T09:18:18.275Z] [INFO] decor: cached 0 lines, 0 wikilinks
[2026-05-17T09:18:18.275Z] [INFO] decor: rebuildCache (12 lines): 0.22ms
[2026-05-17T09:18:18.409Z] [INFO] decor: cached 0 lines, 0 wikilinks
[2026-05-17T09:18:18.409Z] [INFO] decor: rebuildCache (12 lines): 0.20ms
[2026-05-17T09:18:18.543Z] [INFO] decor: cached 0 lines, 0 wikilinks
[2026-05-17T09:18:18.543Z] [INFO] decor: rebuildCache (12 lines): 0.23ms
[2026-05-17T09:18:18.747Z] [INFO] decor: cached 0 lines, 0 wikilinks
[2026-05-17T09:18:18.747Z] [INFO] decor: rebuildCache (12 lines): 0.18ms
[2026-05-17T09:18:18.904Z] [INFO] decor: cached 0 lines, 0 wikilinks
[2026-05-17T09:18:18.904Z] [INFO] decor: rebuildCache (12 lines): 0.22ms
[2026-05-17T09:18:19.001Z] [INFO] decor: cached 0 lines, 0 wikilinks
[2026-05-17T09:18:19.001Z] [INFO] decor: rebuildCache (12 lines): 0.25ms
[2026-05-17T09:18:19.105Z] [INFO] decor: cached 0 lines, 0 wikilinks
[2026-05-17T09:18:19.105Z] [INFO] decor: rebuildCache (12 lines): 0.25ms
[2026-05-17T09:18:19.318Z] [INFO] decor: cached 0 lines, 0 wikilinks
[2026-05-17T09:18:19.318Z] [INFO] decor: rebuildCache (12 lines): 0.19ms
[2026-05-17T09:18:19.469Z] [INFO] decor: cached 0 lines, 0 wikilinks
[2026-05-17T09:18:19.469Z] [INFO] decor: rebuildCache (12 lines): 0.27ms
[2026-05-17T09:18:19.576Z] [INFO] decor: cached 0 lines, 0 wikilinks
[2026-05-17T09:18:19.576Z] [INFO] decor: rebuildCache (12 lines): 0.22ms
[2026-05-17T09:18:19.960Z] [INFO] decor: cached 0 lines, 0 wikilinks
[2026-05-17T09:18:19.960Z] [INFO] decor: rebuildCache (12 lines): 0.15ms
[2026-05-17T09:18:20.087Z] [INFO] decor: cached 0 lines, 0 wikilinks
[2026-05-17T09:18:20.087Z] [INFO] decor: rebuildCache (12 lines): 0.18ms
[2026-05-17T09:18:20.297Z] [INFO] decor: cached 0 lines, 0 wikilinks
[2026-05-17T09:18:20.298Z] [INFO] decor: rebuildCache (12 lines): 0.27ms
[2026-05-17T09:18:20.430Z] [INFO] decor: cached 0 lines, 0 wikilinks
[2026-05-17T09:18:20.430Z] [INFO] decor: rebuildCache (12 lines): 0.21ms
[2026-05-17T09:18:20.543Z] [INFO] decor: cached 0 lines, 0 wikilinks
[2026-05-17T09:18:20.543Z] [INFO] decor: rebuildCache (12 lines): 0.24ms
[2026-05-17T09:18:20.860Z] [INFO] decor: cached 0 lines, 0 wikilinks
[2026-05-17T09:18:20.860Z] [INFO] decor: rebuildCache (12 lines): 0.28ms
[2026-05-17T09:18:21.017Z] [INFO] decor: cached 0 lines, 0 wikilinks
[2026-05-17T09:18:21.017Z] [INFO] decor: rebuildCache (12 lines): 0.22ms
[2026-05-17T09:18:21.469Z] [INFO] IndexService: indexFileContent: blog/Introducing the g9n blog.md → pageId=2
[2026-05-17T09:18:21.613Z] [INFO] decor: cached 0 lines, 0 wikilinks
[2026-05-17T09:18:21.613Z] [INFO] decor: rebuildCache (12 lines): 0.25ms
[2026-05-17T09:18:21.913Z] [INFO] decor: cached 0 lines, 0 wikilinks
[2026-05-17T09:18:21.913Z] [INFO] decor: rebuildCache (12 lines): 0.22ms
[2026-05-17T09:18:21.996Z] [INFO] decor: cached 0 lines, 0 wikilinks
[2026-05-17T09:18:21.997Z] [INFO] decor: rebuildCache (12 lines): 0.31ms
[2026-05-17T09:18:22.257Z] [INFO] decor: cached 0 lines, 0 wikilinks
[2026-05-17T09:18:22.258Z] [INFO] decor: rebuildCache (12 lines): 0.25ms
[2026-05-17T09:18:22.344Z] [INFO] decor: cached 0 lines, 0 wikilinks
[2026-05-17T09:18:22.344Z] [INFO] decor: rebuildCache (12 lines): 0.28ms
[2026-05-17T09:18:22.546Z] [INFO] decor: cached 0 lines, 0 wikilinks
[2026-05-17T09:18:22.546Z] [INFO] decor: rebuildCache (12 lines): 0.25ms
[2026-05-17T09:18:22.661Z] [INFO] decor: cached 0 lines, 0 wikilinks
[2026-05-17T09:18:22.661Z] [INFO] decor: rebuildCache (12 lines): 0.28ms
[2026-05-17T09:18:22.818Z] [INFO] decor: cached 0 lines, 0 wikilinks
[2026-05-17T09:18:22.818Z] [INFO] decor: rebuildCache (12 lines): 0.22ms
[2026-05-17T09:18:23.269Z] [INFO] IndexService: indexFileContent: blog/Introducing the g9n blog.md → pageId=2
[2026-05-17T09:18:23.338Z] [INFO] decor: cached 0 lines, 0 wikilinks
[2026-05-17T09:18:23.338Z] [INFO] decor: rebuildCache (12 lines): 0.23ms
[2026-05-17T09:18:23.543Z] [INFO] decor: cached 0 lines, 0 wikilinks
[2026-05-17T09:18:23.544Z] [INFO] decor: rebuildCache (12 lines): 0.22ms
[2026-05-17T09:18:23.672Z] [INFO] decor: cached 0 lines, 0 wikilinks
[2026-05-17T09:18:23.672Z] [INFO] decor: rebuildCache (12 lines): 0.21ms
[2026-05-17T09:18:23.852Z] [INFO] decor: cached 0 lines, 0 wikilinks
[2026-05-17T09:18:23.853Z] [INFO] decor: rebuildCache (12 lines): 0.28ms
[2026-05-17T09:18:23.964Z] [INFO] decor: cached 0 lines, 0 wikilinks
[2026-05-17T09:18:23.964Z] [INFO] decor: rebuildCache (12 lines): 0.26ms
[2026-05-17T09:18:24.047Z] [INFO] decor: cached 0 lines, 0 wikilinks
[2026-05-17T09:18:24.047Z] [INFO] decor: rebuildCache (12 lines): 0.16ms
[2026-05-17T09:18:24.121Z] [INFO] decor: cached 0 lines, 0 wikilinks
[2026-05-17T09:18:24.121Z] [INFO] decor: rebuildCache (12 lines): 0.34ms
[2026-05-17T09:18:24.574Z] [INFO] IndexService: indexFileContent: blog/Introducing the g9n blog.md → pageId=2
[2026-05-17T09:18:24.775Z] [INFO] decor: cached 0 lines, 0 wikilinks
[2026-05-17T09:18:24.776Z] [INFO] decor: rebuildCache (12 lines): 0.24ms
[2026-05-17T09:18:24.867Z] [INFO] decor: cached 0 lines, 0 wikilinks
[2026-05-17T09:18:24.868Z] [INFO] decor: rebuildCache (12 lines): 0.27ms
[2026-05-17T09:18:25.113Z] [INFO] decor: cached 0 lines, 0 wikilinks
[2026-05-17T09:18:25.113Z] [INFO] decor: rebuildCache (12 lines): 0.20ms
[2026-05-17T09:18:25.580Z] [INFO] decor: cached 0 lines, 0 wikilinks
[2026-05-17T09:18:25.580Z] [INFO] decor: rebuildCache (12 lines): 0.15ms
[2026-05-17T09:18:25.710Z] [INFO] decor: cached 0 lines, 0 wikilinks
[2026-05-17T09:18:25.710Z] [INFO] decor: rebuildCache (12 lines): 0.16ms
[2026-05-17T09:18:25.793Z] [INFO] decor: cached 0 lines, 0 wikilinks
[2026-05-17T09:18:25.793Z] [INFO] decor: rebuildCache (12 lines): 0.18ms
[2026-05-17T09:18:26.115Z] [INFO] decor: cached 0 lines, 0 wikilinks
[2026-05-17T09:18:26.115Z] [INFO] decor: rebuildCache (12 lines): 0.24ms
[2026-05-17T09:18:26.287Z] [INFO] decor: cached 0 lines, 0 wikilinks
[2026-05-17T09:18:26.287Z] [INFO] decor: rebuildCache (12 lines): 0.25ms
[2026-05-17T09:18:26.387Z] [INFO] decor: cached 0 lines, 0 wikilinks
[2026-05-17T09:18:26.388Z] [INFO] decor: rebuildCache (12 lines): 0.19ms
[2026-05-17T09:18:26.890Z] [INFO] decor: cached 0 lines, 0 wikilinks
[2026-05-17T09:18:26.890Z] [INFO] decor: rebuildCache (12 lines): 0.21ms
[2026-05-17T09:18:27.011Z] [INFO] decor: cached 0 lines, 0 wikilinks
[2026-05-17T09:18:27.011Z] [INFO] decor: rebuildCache (12 lines): 0.23ms
[2026-05-17T09:18:27.092Z] [INFO] decor: cached 0 lines, 0 wikilinks
[2026-05-17T09:18:27.092Z] [INFO] decor: rebuildCache (12 lines): 0.16ms
[2026-05-17T09:18:27.362Z] [INFO] decor: cached 0 lines, 0 wikilinks
[2026-05-17T09:18:27.363Z] [INFO] decor: rebuildCache (12 lines): 0.30ms
[2026-05-17T09:18:27.816Z] [INFO] IndexService: indexFileContent: blog/Introducing the g9n blog.md → pageId=2
[2026-05-17T09:18:28.824Z] [INFO] decor: cached 0 lines, 0 wikilinks
[2026-05-17T09:18:28.824Z] [INFO] decor: rebuildCache (12 lines): 0.23ms
[2026-05-17T09:18:28.913Z] [INFO] decor: cached 0 lines, 0 wikilinks
[2026-05-17T09:18:28.914Z] [INFO] decor: rebuildCache (12 lines): 0.32ms
[2026-05-17T09:18:29.026Z] [INFO] decor: cached 0 lines, 0 wikilinks
[2026-05-17T09:18:29.027Z] [INFO] decor: rebuildCache (12 lines): 0.26ms
[2026-05-17T09:18:29.163Z] [INFO] decor: cached 0 lines, 0 wikilinks
[2026-05-17T09:18:29.163Z] [INFO] decor: rebuildCache (12 lines): 0.17ms
[2026-05-17T09:18:29.615Z] [INFO] IndexService: indexFileContent: blog/Introducing the g9n blog.md → pageId=2
[2026-05-17T09:18:29.813Z] [INFO] decor: cached 0 lines, 0 wikilinks
[2026-05-17T09:18:29.813Z] [INFO] decor: rebuildCache (12 lines): 0.15ms
[2026-05-17T09:18:29.895Z] [INFO] decor: cached 0 lines, 0 wikilinks
[2026-05-17T09:18:29.895Z] [INFO] decor: rebuildCache (12 lines): 0.17ms
[2026-05-17T09:18:30.042Z] [INFO] decor: cached 0 lines, 0 wikilinks
[2026-05-17T09:18:30.042Z] [INFO] decor: rebuildCache (12 lines): 0.22ms
[2026-05-17T09:18:30.492Z] [INFO] IndexService: indexFileContent: blog/Introducing the g9n blog.md → pageId=2
[2026-05-17T09:18:30.919Z] [INFO] decor: cached 0 lines, 0 wikilinks
[2026-05-17T09:18:30.919Z] [INFO] decor: rebuildCache (12 lines): 0.22ms
[2026-05-17T09:18:31.074Z] [INFO] decor: cached 0 lines, 0 wikilinks
[2026-05-17T09:18:31.074Z] [INFO] decor: rebuildCache (12 lines): 0.27ms
[2026-05-17T09:18:31.233Z] [INFO] decor: cached 0 lines, 0 wikilinks
[2026-05-17T09:18:31.233Z] [INFO] decor: rebuildCache (12 lines): 0.23ms
[2026-05-17T09:18:31.351Z] [INFO] decor: cached 0 lines, 0 wikilinks
[2026-05-17T09:18:31.351Z] [INFO] decor: rebuildCache (12 lines): 0.25ms
[2026-05-17T09:18:31.553Z] [INFO] decor: cached 0 lines, 0 wikilinks
[2026-05-17T09:18:31.553Z] [INFO] decor: rebuildCache (12 lines): 0.22ms
[2026-05-17T09:18:31.651Z] [INFO] decor: cached 0 lines, 0 wikilinks
[2026-05-17T09:18:31.652Z] [INFO] decor: rebuildCache (12 lines): 0.30ms
[2026-05-17T09:18:31.822Z] [INFO] decor: cached 0 lines, 0 wikilinks
[2026-05-17T09:18:31.822Z] [INFO] decor: rebuildCache (12 lines): 0.15ms
[2026-05-17T09:18:31.905Z] [INFO] decor: cached 0 lines, 0 wikilinks
[2026-05-17T09:18:31.905Z] [INFO] decor: rebuildCache (12 lines): 0.19ms
[2026-05-17T09:18:31.989Z] [INFO] decor: cached 0 lines, 0 wikilinks
[2026-05-17T09:18:31.989Z] [INFO] decor: rebuildCache (12 lines): 0.20ms
[2026-05-17T09:18:32.191Z] [INFO] decor: cached 0 lines, 0 wikilinks
[2026-05-17T09:18:32.192Z] [INFO] decor: rebuildCache (12 lines): 0.27ms
[2026-05-17T09:18:32.297Z] [INFO] decor: cached 0 lines, 0 wikilinks
[2026-05-17T09:18:32.297Z] [INFO] decor: rebuildCache (12 lines): 0.21ms
[2026-05-17T09:18:32.386Z] [INFO] decor: cached 0 lines, 0 wikilinks
[2026-05-17T09:18:32.387Z] [INFO] decor: rebuildCache (12 lines): 0.23ms
[2026-05-17T09:18:32.697Z] [INFO] decor: cached 0 lines, 0 wikilinks
[2026-05-17T09:18:32.698Z] [INFO] decor: rebuildCache (12 lines): 0.16ms
[2026-05-17T09:18:32.834Z] [INFO] decor: cached 0 lines, 0 wikilinks
[2026-05-17T09:18:32.834Z] [INFO] decor: rebuildCache (12 lines): 0.17ms
[2026-05-17T09:18:32.964Z] [INFO] decor: cached 0 lines, 0 wikilinks
[2026-05-17T09:18:32.964Z] [INFO] decor: rebuildCache (12 lines): 0.21ms
[2026-05-17T09:18:33.154Z] [INFO] decor: cached 0 lines, 0 wikilinks
[2026-05-17T09:18:33.154Z] [INFO] decor: rebuildCache (12 lines): 0.16ms
[2026-05-17T09:18:33.585Z] [INFO] decor: cached 0 lines, 0 wikilinks
[2026-05-17T09:18:33.585Z] [INFO] decor: rebuildCache (12 lines): 0.22ms
[2026-05-17T09:18:34.037Z] [INFO] IndexService: indexFileContent: blog/Introducing the g9n blog.md → pageId=2
[2026-05-17T09:18:34.249Z] [INFO] IndexService: indexFileContent: blog/Introducing the g9n blog.md → pageId=2
[2026-05-17T09:18:34.250Z] [INFO] IndexService: saveToFile: wrote 77824 bytes
[2026-05-17T09:18:34.250Z] [INFO] IndexService: saveToFile: 0.41ms
[2026-05-17T09:18:34.250Z] [INFO] completion: cache rebuilt: 2 pages, 0 fwd refs, 0 aliases (2 total)
[2026-05-17T09:18:34.250Z] [INFO] completion: rebuildCache: 0.71ms
[2026-05-17T09:18:34.287Z] [INFO] decor: cached 0 lines, 0 wikilinks
[2026-05-17T09:18:34.287Z] [INFO] decor: rebuildCache (11 lines): 0.21ms
[2026-05-17T09:18:34.738Z] [INFO] IndexService: indexFileContent: blog/Introducing the g9n blog.md → pageId=2
[2026-05-17T09:19:41.904Z] [INFO] IndexService: indexFileContent: blog/Introducing the g9n blog.md → pageId=2
[2026-05-17T09:19:41.904Z] [INFO] IndexService: saveToFile: wrote 77824 bytes
[2026-05-17T09:19:41.905Z] [INFO] IndexService: saveToFile: 0.50ms
[2026-05-17T09:19:41.919Z] [INFO] decor: cached 0 lines, 0 wikilinks
[2026-05-17T09:19:41.919Z] [INFO] decor: rebuildCache (1 lines): 0.17ms
[2026-05-17T09:19:42.443Z] [INFO] extension: periodicScan: tick starting
[2026-05-17T09:19:42.474Z] [INFO] IndexScanner: staleScan: starting — 2 files on disk, 2 in index
[2026-05-17T09:19:42.475Z] [INFO] IndexScanner: staleScan: 1.28ms
[2026-05-17T09:19:42.475Z] [INFO] IndexScanner: staleScan: complete — 0 new, 0 stale, 0 deleted, 2 unchanged
[2026-05-17T09:19:42.475Z] [INFO] extension: periodicScan: no changes
[2026-05-17T09:19:45.082Z] [INFO] decor: cached 0 lines, 0 wikilinks
[2026-05-17T09:19:45.082Z] [INFO] decor: rebuildCache (1 lines): 0.11ms
[2026-05-17T09:19:45.218Z] [INFO] decor: cached 0 lines, 0 wikilinks
[2026-05-17T09:19:45.218Z] [INFO] decor: rebuildCache (1 lines): 0.19ms
[2026-05-17T09:19:45.352Z] [INFO] decor: cached 0 lines, 0 wikilinks
[2026-05-17T09:19:45.352Z] [INFO] decor: rebuildCache (1 lines): 0.18ms
[2026-05-17T09:19:45.803Z] [INFO] IndexService: indexFileContent: README.md → pageId=1
[2026-05-17T09:19:46.248Z] [INFO] decor: cached 0 lines, 0 wikilinks
[2026-05-17T09:19:46.248Z] [INFO] decor: rebuildCache (1 lines): 0.20ms
[2026-05-17T09:19:46.300Z] [INFO] decor: cached 0 lines, 0 wikilinks
[2026-05-17T09:19:46.301Z] [INFO] decor: rebuildCache (1 lines): 0.25ms
[2026-05-17T09:19:46.403Z] [INFO] decor: cached 0 lines, 0 wikilinks
[2026-05-17T09:19:46.404Z] [INFO] decor: rebuildCache (1 lines): 0.22ms
[2026-05-17T09:19:46.501Z] [INFO] decor: cached 0 lines, 0 wikilinks
[2026-05-17T09:19:46.502Z] [INFO] decor: rebuildCache (1 lines): 0.24ms
[2026-05-17T09:19:46.864Z] [INFO] decor: cached 0 lines, 0 wikilinks
[2026-05-17T09:19:46.865Z] [INFO] decor: rebuildCache (1 lines): 0.20ms
[2026-05-17T09:19:46.945Z] [INFO] decor: cached 0 lines, 0 wikilinks
[2026-05-17T09:19:46.945Z] [INFO] decor: rebuildCache (1 lines): 0.26ms
[2026-05-17T09:19:47.075Z] [INFO] decor: cached 0 lines, 0 wikilinks
[2026-05-17T09:19:47.075Z] [INFO] decor: rebuildCache (1 lines): 0.17ms
[2026-05-17T09:19:47.445Z] [INFO] decor: cached 0 lines, 0 wikilinks
[2026-05-17T09:19:47.445Z] [INFO] decor: rebuildCache (1 lines): 0.20ms
[2026-05-17T09:19:47.553Z] [INFO] decor: cached 0 lines, 0 wikilinks
[2026-05-17T09:19:47.554Z] [INFO] decor: rebuildCache (1 lines): 0.29ms
[2026-05-17T09:19:47.644Z] [INFO] decor: cached 0 lines, 0 wikilinks
[2026-05-17T09:19:47.644Z] [INFO] decor: rebuildCache (1 lines): 0.20ms
[2026-05-17T09:19:47.821Z] [INFO] decor: cached 0 lines, 0 wikilinks
[2026-05-17T09:19:47.821Z] [INFO] decor: rebuildCache (1 lines): 0.24ms
[2026-05-17T09:19:47.956Z] [INFO] decor: cached 0 lines, 0 wikilinks
[2026-05-17T09:19:47.957Z] [INFO] decor: rebuildCache (1 lines): 0.30ms
[2026-05-17T09:19:48.453Z] [INFO] decor: cached 0 lines, 0 wikilinks
[2026-05-17T09:19:48.454Z] [INFO] decor: rebuildCache (1 lines): 0.25ms
[2026-05-17T09:19:48.763Z] [INFO] decor: cached 0 lines, 0 wikilinks
[2026-05-17T09:19:48.763Z] [INFO] decor: rebuildCache (1 lines): 0.30ms
[2026-05-17T09:19:48.861Z] [INFO] decor: cached 0 lines, 0 wikilinks
[2026-05-17T09:19:48.861Z] [INFO] decor: rebuildCache (1 lines): 0.17ms
[2026-05-17T09:19:48.917Z] [INFO] decor: cached 0 lines, 0 wikilinks
[2026-05-17T09:19:48.917Z] [INFO] decor: rebuildCache (1 lines): 0.22ms
[2026-05-17T09:19:49.016Z] [INFO] decor: cached 0 lines, 0 wikilinks
[2026-05-17T09:19:49.016Z] [INFO] decor: rebuildCache (1 lines): 0.30ms
[2026-05-17T09:19:49.156Z] [INFO] decor: cached 0 lines, 0 wikilinks
[2026-05-17T09:19:49.156Z] [INFO] decor: rebuildCache (1 lines): 0.26ms
[2026-05-17T09:19:49.607Z] [INFO] IndexService: indexFileContent: README.md → pageId=1
[2026-05-17T09:19:50.410Z] [INFO] decor: cached 0 lines, 0 wikilinks
[2026-05-17T09:19:50.411Z] [INFO] decor: rebuildCache (1 lines): 0.22ms
[2026-05-17T09:19:50.513Z] [INFO] decor: cached 0 lines, 0 wikilinks
[2026-05-17T09:19:50.514Z] [INFO] decor: rebuildCache (1 lines): 0.23ms
[2026-05-17T09:19:50.566Z] [INFO] decor: cached 0 lines, 0 wikilinks
[2026-05-17T09:19:50.566Z] [INFO] decor: rebuildCache (1 lines): 0.16ms
[2026-05-17T09:19:50.747Z] [INFO] decor: cached 0 lines, 0 wikilinks
[2026-05-17T09:19:50.747Z] [INFO] decor: rebuildCache (1 lines): 0.24ms
[2026-05-17T09:19:50.881Z] [INFO] decor: cached 0 lines, 0 wikilinks
[2026-05-17T09:19:50.881Z] [INFO] decor: rebuildCache (1 lines): 0.28ms
[2026-05-17T09:19:51.039Z] [INFO] decor: cached 0 lines, 0 wikilinks
[2026-05-17T09:19:51.039Z] [INFO] decor: rebuildCache (1 lines): 0.26ms
[2026-05-17T09:19:51.334Z] [INFO] decor: cached 0 lines, 0 wikilinks
[2026-05-17T09:19:51.334Z] [INFO] decor: rebuildCache (1 lines): 0.26ms
[2026-05-17T09:19:51.554Z] [INFO] decor: cached 0 lines, 0 wikilinks
[2026-05-17T09:19:51.554Z] [INFO] decor: rebuildCache (1 lines): 0.19ms
[2026-05-17T09:19:51.661Z] [INFO] decor: cached 0 lines, 0 wikilinks
[2026-05-17T09:19:51.661Z] [INFO] decor: rebuildCache (1 lines): 0.16ms
[2026-05-17T09:19:52.113Z] [INFO] IndexService: indexFileContent: README.md → pageId=1
[2026-05-17T09:19:52.596Z] [INFO] decor: cached 0 lines, 0 wikilinks
[2026-05-17T09:19:52.596Z] [INFO] decor: rebuildCache (2 lines): 0.19ms
[2026-05-17T09:19:52.856Z] [INFO] decor: cached 0 lines, 0 wikilinks
[2026-05-17T09:19:52.856Z] [INFO] decor: rebuildCache (3 lines): 0.27ms
[2026-05-17T09:19:53.308Z] [INFO] IndexService: indexFileContent: README.md → pageId=1
[2026-05-17T09:19:56.113Z] [INFO] decor: cached 0 lines, 0 wikilinks
[2026-05-17T09:19:56.113Z] [INFO] decor: rebuildCache (11 lines): 0.11ms
[2026-05-17T09:19:56.149Z] [INFO] IndexService: indexFileContent: README.md → pageId=1
[2026-05-17T09:19:56.150Z] [INFO] IndexService: saveToFile: wrote 77824 bytes
[2026-05-17T09:19:56.150Z] [INFO] IndexService: saveToFile: 0.52ms
[2026-05-17T09:20:00.331Z] [INFO] decor: cached 0 lines, 0 wikilinks
[2026-05-17T09:20:00.332Z] [INFO] decor: rebuildCache (3 lines): 0.13ms
[2026-05-17T09:20:00.373Z] [INFO] IndexService: indexFileContent: blog/Introducing the g9n blog.md → pageId=2
[2026-05-17T09:20:00.373Z] [INFO] IndexService: saveToFile: wrote 77824 bytes
[2026-05-17T09:20:00.373Z] [INFO] IndexService: saveToFile: 0.39ms
[2026-05-17T09:20:01.823Z] [INFO] decor: cached 0 lines, 0 wikilinks
[2026-05-17T09:20:01.823Z] [INFO] decor: rebuildCache (4 lines): 0.47ms
[2026-05-17T09:20:02.274Z] [INFO] IndexService: indexFileContent: README.md → pageId=1
[2026-05-17T09:20:02.607Z] [INFO] decor: cached 0 lines, 0 wikilinks
[2026-05-17T09:20:02.607Z] [INFO] decor: rebuildCache (5 lines): 0.20ms
[2026-05-17T09:20:03.059Z] [INFO] IndexService: indexFileContent: README.md → pageId=1
[2026-05-17T09:20:04.119Z] [INFO] decor: cached 0 lines, 0 wikilinks
[2026-05-17T09:20:04.120Z] [INFO] decor: rebuildCache (5 lines): 0.38ms
[2026-05-17T09:20:04.225Z] [INFO] decor: cached 0 lines, 0 wikilinks
[2026-05-17T09:20:04.225Z] [INFO] decor: rebuildCache (5 lines): 0.26ms
[2026-05-17T09:20:04.450Z] [INFO] decor: cached 0 lines, 0 wikilinks
[2026-05-17T09:20:04.450Z] [INFO] decor: rebuildCache (5 lines): 0.26ms
[2026-05-17T09:20:04.901Z] [INFO] IndexService: indexFileContent: README.md → pageId=1
[2026-05-17T09:20:05.079Z] [INFO] decor: cached 0 lines, 0 wikilinks
[2026-05-17T09:20:05.079Z] [INFO] decor: rebuildCache (5 lines): 0.19ms
[2026-05-17T09:20:05.419Z] [INFO] decor: cached 0 lines, 0 wikilinks
[2026-05-17T09:20:05.419Z] [INFO] decor: rebuildCache (5 lines): 0.24ms
[2026-05-17T09:20:05.553Z] [INFO] decor: cached 0 lines, 0 wikilinks
[2026-05-17T09:20:05.553Z] [INFO] decor: rebuildCache (5 lines): 0.20ms
[2026-05-17T09:20:05.731Z] [INFO] decor: cached 0 lines, 0 wikilinks
[2026-05-17T09:20:05.731Z] [INFO] decor: rebuildCache (5 lines): 0.15ms
[2026-05-17T09:20:05.840Z] [INFO] decor: cached 0 lines, 0 wikilinks
[2026-05-17T09:20:05.840Z] [INFO] decor: rebuildCache (5 lines): 0.17ms
[2026-05-17T09:20:06.113Z] [INFO] decor: cached 0 lines, 0 wikilinks
[2026-05-17T09:20:06.113Z] [INFO] decor: rebuildCache (5 lines): 0.23ms
[2026-05-17T09:20:06.296Z] [INFO] decor: cached 0 lines, 0 wikilinks
[2026-05-17T09:20:06.296Z] [INFO] decor: rebuildCache (5 lines): 0.26ms
[2026-05-17T09:20:06.746Z] [INFO] IndexService: indexFileContent: README.md → pageId=1
[2026-05-17T09:20:07.442Z] [INFO] decor: cached 0 lines, 0 wikilinks
[2026-05-17T09:20:07.443Z] [INFO] decor: rebuildCache (5 lines): 0.33ms
[2026-05-17T09:20:07.669Z] [INFO] decor: cached 0 lines, 0 wikilinks
[2026-05-17T09:20:07.669Z] [INFO] decor: rebuildCache (5 lines): 0.22ms
[2026-05-17T09:20:07.802Z] [INFO] decor: cached 0 lines, 0 wikilinks
[2026-05-17T09:20:07.802Z] [INFO] decor: rebuildCache (5 lines): 0.25ms
[2026-05-17T09:20:08.255Z] [INFO] IndexService: indexFileContent: README.md → pageId=1
[2026-05-17T09:20:12.191Z] [INFO] decor: cached 0 lines, 0 wikilinks
[2026-05-17T09:20:12.191Z] [INFO] decor: rebuildCache (5 lines): 0.26ms
[2026-05-17T09:20:12.257Z] [INFO] decor: cached 0 lines, 0 wikilinks
[2026-05-17T09:20:12.257Z] [INFO] decor: rebuildCache (5 lines): 0.25ms
[2026-05-17T09:20:12.361Z] [INFO] decor: cached 0 lines, 0 wikilinks
[2026-05-17T09:20:12.361Z] [INFO] decor: rebuildCache (5 lines): 0.21ms
[2026-05-17T09:20:12.814Z] [INFO] IndexService: indexFileContent: README.md → pageId=1
[2026-05-17T09:20:13.044Z] [INFO] decor: cached 0 lines, 0 wikilinks
[2026-05-17T09:20:13.044Z] [INFO] decor: rebuildCache (5 lines): 0.19ms
[2026-05-17T09:20:13.534Z] [INFO] decor: cached 0 lines, 0 wikilinks
[2026-05-17T09:20:13.535Z] [INFO] decor: rebuildCache (5 lines): 0.26ms
[2026-05-17T09:20:13.755Z] [INFO] decor: cached 0 lines, 0 wikilinks
[2026-05-17T09:20:13.755Z] [INFO] decor: rebuildCache (5 lines): 0.25ms
[2026-05-17T09:20:13.819Z] [INFO] decor: cached 0 lines, 0 wikilinks
[2026-05-17T09:20:13.820Z] [INFO] decor: rebuildCache (5 lines): 0.28ms
[2026-05-17T09:20:13.987Z] [INFO] decor: cached 0 lines, 0 wikilinks
[2026-05-17T09:20:13.987Z] [INFO] decor: rebuildCache (5 lines): 0.25ms
[2026-05-17T09:20:14.087Z] [INFO] decor: cached 0 lines, 0 wikilinks
[2026-05-17T09:20:14.087Z] [INFO] decor: rebuildCache (5 lines): 0.52ms
[2026-05-17T09:20:14.203Z] [INFO] decor: cached 0 lines, 0 wikilinks
[2026-05-17T09:20:14.203Z] [INFO] decor: rebuildCache (5 lines): 0.22ms
[2026-05-17T09:20:14.300Z] [INFO] decor: cached 0 lines, 0 wikilinks
[2026-05-17T09:20:14.300Z] [INFO] decor: rebuildCache (5 lines): 0.24ms
[2026-05-17T09:20:14.752Z] [INFO] IndexService: indexFileContent: README.md → pageId=1
[2026-05-17T09:20:17.659Z] [INFO] decor: cached 0 lines, 0 wikilinks
[2026-05-17T09:20:17.659Z] [INFO] decor: rebuildCache (5 lines): 0.23ms
[2026-05-17T09:20:17.903Z] [INFO] decor: cached 0 lines, 0 wikilinks
[2026-05-17T09:20:17.904Z] [INFO] decor: rebuildCache (5 lines): 0.27ms
[2026-05-17T09:20:18.017Z] [INFO] decor: cached 0 lines, 0 wikilinks
[2026-05-17T09:20:18.017Z] [INFO] decor: rebuildCache (5 lines): 0.28ms
[2026-05-17T09:20:18.198Z] [INFO] decor: cached 0 lines, 0 wikilinks
[2026-05-17T09:20:18.198Z] [INFO] decor: rebuildCache (5 lines): 0.26ms
[2026-05-17T09:20:18.332Z] [INFO] decor: cached 0 lines, 0 wikilinks
[2026-05-17T09:20:18.332Z] [INFO] decor: rebuildCache (5 lines): 0.25ms
[2026-05-17T09:20:18.556Z] [INFO] decor: cached 0 lines, 0 wikilinks
[2026-05-17T09:20:18.556Z] [INFO] decor: rebuildCache (5 lines): 0.26ms
[2026-05-17T09:20:18.655Z] [INFO] decor: cached 0 lines, 0 wikilinks
[2026-05-17T09:20:18.655Z] [INFO] decor: rebuildCache (5 lines): 0.15ms
[2026-05-17T09:20:18.707Z] [INFO] decor: cached 0 lines, 0 wikilinks
[2026-05-17T09:20:18.708Z] [INFO] decor: rebuildCache (5 lines): 0.29ms
[2026-05-17T09:20:18.929Z] [INFO] decor: cached 0 lines, 0 wikilinks
[2026-05-17T09:20:18.929Z] [INFO] decor: rebuildCache (5 lines): 0.17ms
[2026-05-17T09:20:19.078Z] [INFO] decor: cached 0 lines, 0 wikilinks
[2026-05-17T09:20:19.078Z] [INFO] decor: rebuildCache (5 lines): 0.21ms
[2026-05-17T09:20:19.231Z] [INFO] decor: cached 0 lines, 0 wikilinks
[2026-05-17T09:20:19.231Z] [INFO] decor: rebuildCache (5 lines): 0.21ms
[2026-05-17T09:20:19.684Z] [INFO] IndexService: indexFileContent: README.md → pageId=1
[2026-05-17T09:20:19.822Z] [INFO] decor: cached 0 lines, 0 wikilinks
[2026-05-17T09:20:19.822Z] [INFO] decor: rebuildCache (5 lines): 0.16ms
[2026-05-17T09:20:20.245Z] [INFO] decor: cached 0 lines, 0 wikilinks
[2026-05-17T09:20:20.245Z] [INFO] decor: rebuildCache (5 lines): 0.23ms
[2026-05-17T09:20:20.380Z] [INFO] decor: cached 0 lines, 0 wikilinks
[2026-05-17T09:20:20.380Z] [INFO] decor: rebuildCache (5 lines): 0.21ms
[2026-05-17T09:20:20.537Z] [INFO] decor: cached 0 lines, 0 wikilinks
[2026-05-17T09:20:20.537Z] [INFO] decor: rebuildCache (5 lines): 0.19ms
[2026-05-17T09:20:20.758Z] [INFO] decor: cached 0 lines, 0 wikilinks
[2026-05-17T09:20:20.758Z] [INFO] decor: rebuildCache (5 lines): 0.30ms
[2026-05-17T09:20:20.855Z] [INFO] decor: cached 0 lines, 0 wikilinks
[2026-05-17T09:20:20.855Z] [INFO] decor: rebuildCache (5 lines): 0.12ms
[2026-05-17T09:20:20.946Z] [INFO] decor: cached 0 lines, 0 wikilinks
[2026-05-17T09:20:20.946Z] [INFO] decor: rebuildCache (5 lines): 0.25ms
[2026-05-17T09:20:21.099Z] [INFO] decor: cached 0 lines, 0 wikilinks
[2026-05-17T09:20:21.099Z] [INFO] decor: rebuildCache (5 lines): 0.27ms
[2026-05-17T09:20:21.213Z] [INFO] decor: cached 0 lines, 0 wikilinks
[2026-05-17T09:20:21.213Z] [INFO] decor: rebuildCache (5 lines): 0.25ms
[2026-05-17T09:20:21.376Z] [INFO] decor: cached 0 lines, 0 wikilinks
[2026-05-17T09:20:21.376Z] [INFO] decor: rebuildCache (5 lines): 0.20ms
[2026-05-17T09:20:21.442Z] [INFO] decor: cached 0 lines, 0 wikilinks
[2026-05-17T09:20:21.442Z] [INFO] decor: rebuildCache (5 lines): 0.21ms
[2026-05-17T09:20:21.909Z] [INFO] decor: cached 0 lines, 0 wikilinks
[2026-05-17T09:20:21.909Z] [INFO] decor: rebuildCache (5 lines): 0.22ms
[2026-05-17T09:20:22.044Z] [INFO] decor: cached 0 lines, 0 wikilinks
[2026-05-17T09:20:22.044Z] [INFO] decor: rebuildCache (5 lines): 0.22ms
[2026-05-17T09:20:22.226Z] [INFO] decor: cached 0 lines, 0 wikilinks
[2026-05-17T09:20:22.227Z] [INFO] decor: rebuildCache (5 lines): 0.30ms
[2026-05-17T09:20:22.355Z] [INFO] decor: cached 0 lines, 0 wikilinks
[2026-05-17T09:20:22.355Z] [INFO] decor: rebuildCache (5 lines): 0.19ms
[2026-05-17T09:20:22.542Z] [INFO] decor: cached 0 lines, 0 wikilinks
[2026-05-17T09:20:22.542Z] [INFO] decor: rebuildCache (5 lines): 0.21ms
[2026-05-17T09:20:22.994Z] [INFO] IndexService: indexFileContent: README.md → pageId=1
[2026-05-17T09:20:23.287Z] [INFO] decor: cached 0 lines, 0 wikilinks
[2026-05-17T09:20:23.287Z] [INFO] decor: rebuildCache (5 lines): 0.22ms
[2026-05-17T09:20:23.438Z] [INFO] decor: cached 0 lines, 0 wikilinks
[2026-05-17T09:20:23.438Z] [INFO] decor: rebuildCache (5 lines): 0.24ms
[2026-05-17T09:20:23.552Z] [INFO] decor: cached 0 lines, 0 wikilinks
[2026-05-17T09:20:23.552Z] [INFO] decor: rebuildCache (5 lines): 0.27ms
[2026-05-17T09:20:23.654Z] [INFO] decor: cached 0 lines, 0 wikilinks
[2026-05-17T09:20:23.654Z] [INFO] decor: rebuildCache (5 lines): 0.14ms
[2026-05-17T09:20:23.801Z] [INFO] decor: cached 0 lines, 0 wikilinks
[2026-05-17T09:20:23.801Z] [INFO] decor: rebuildCache (5 lines): 0.24ms
[2026-05-17T09:20:23.904Z] [INFO] decor: cached 0 lines, 0 wikilinks
[2026-05-17T09:20:23.904Z] [INFO] decor: rebuildCache (5 lines): 0.16ms
[2026-05-17T09:20:24.047Z] [INFO] decor: cached 0 lines, 0 wikilinks
[2026-05-17T09:20:24.047Z] [INFO] decor: rebuildCache (5 lines): 0.22ms
[2026-05-17T09:20:24.179Z] [INFO] decor: cached 0 lines, 0 wikilinks
[2026-05-17T09:20:24.179Z] [INFO] decor: rebuildCache (5 lines): 0.19ms
[2026-05-17T09:20:24.631Z] [INFO] IndexService: indexFileContent: README.md → pageId=1
[2026-05-17T09:20:24.902Z] [INFO] decor: cached 0 lines, 0 wikilinks
[2026-05-17T09:20:24.902Z] [INFO] decor: rebuildCache (5 lines): 0.16ms
[2026-05-17T09:20:25.014Z] [INFO] decor: cached 0 lines, 0 wikilinks
[2026-05-17T09:20:25.015Z] [INFO] decor: rebuildCache (5 lines): 0.28ms
[2026-05-17T09:20:25.276Z] [INFO] decor: cached 0 lines, 0 wikilinks
[2026-05-17T09:20:25.276Z] [INFO] decor: rebuildCache (5 lines): 0.22ms
[2026-05-17T09:20:25.331Z] [INFO] decor: cached 0 lines, 0 wikilinks
[2026-05-17T09:20:25.331Z] [INFO] decor: rebuildCache (5 lines): 0.21ms
[2026-05-17T09:20:25.781Z] [INFO] IndexService: indexFileContent: README.md → pageId=1
[2026-05-17T09:20:35.846Z] [INFO] completion: provideCompletionItems: 0.02ms
[2026-05-17T09:20:35.906Z] [INFO] decor: cached 0 lines, 0 wikilinks
[2026-05-17T09:20:35.906Z] [INFO] decor: rebuildCache (5 lines): 0.19ms
[2026-05-17T09:20:36.355Z] [INFO] IndexService: indexFileContent: README.md → pageId=1
[2026-05-17T09:20:37.031Z] [INFO] decor: cached 0 lines, 0 wikilinks
[2026-05-17T09:20:37.031Z] [INFO] decor: rebuildCache (5 lines): 0.26ms
[2026-05-17T09:20:37.300Z] [INFO] decor: cached 0 lines, 0 wikilinks
[2026-05-17T09:20:37.300Z] [INFO] decor: rebuildCache (5 lines): 0.37ms
[2026-05-17T09:20:37.750Z] [INFO] decor: cached 0 lines, 0 wikilinks
[2026-05-17T09:20:37.750Z] [INFO] decor: rebuildCache (5 lines): 0.17ms
[2026-05-17T09:20:37.929Z] [INFO] decor: cached 0 lines, 0 wikilinks
[2026-05-17T09:20:37.929Z] [INFO] decor: rebuildCache (5 lines): 0.23ms
[2026-05-17T09:20:38.063Z] [INFO] decor: cached 0 lines, 0 wikilinks
[2026-05-17T09:20:38.063Z] [INFO] decor: rebuildCache (5 lines): 0.25ms
[2026-05-17T09:20:38.253Z] [INFO] decor: cached 0 lines, 0 wikilinks
[2026-05-17T09:20:38.253Z] [INFO] decor: rebuildCache (5 lines): 0.28ms
[2026-05-17T09:20:38.359Z] [INFO] decor: cached 0 lines, 0 wikilinks
[2026-05-17T09:20:38.359Z] [INFO] decor: rebuildCache (5 lines): 0.21ms
[2026-05-17T09:20:38.811Z] [INFO] IndexService: indexFileContent: README.md → pageId=1
[2026-05-17T09:20:39.506Z] [INFO] decor: cached 0 lines, 0 wikilinks
[2026-05-17T09:20:39.507Z] [INFO] decor: rebuildCache (5 lines): 0.19ms
[2026-05-17T09:20:39.573Z] [INFO] decor: cached 0 lines, 0 wikilinks
[2026-05-17T09:20:39.573Z] [INFO] decor: rebuildCache (5 lines): 0.23ms
[2026-05-17T09:20:40.024Z] [INFO] IndexService: indexFileContent: README.md → pageId=1
[2026-05-17T09:20:40.426Z] [INFO] decor: cached 0 lines, 0 wikilinks
[2026-05-17T09:20:40.426Z] [INFO] decor: rebuildCache (5 lines): 0.28ms
[2026-05-17T09:20:40.877Z] [INFO] IndexService: indexFileContent: README.md → pageId=1
[2026-05-17T09:20:42.026Z] [INFO] decor: cached 0 lines, 0 wikilinks
[2026-05-17T09:20:42.026Z] [INFO] decor: rebuildCache (5 lines): 0.15ms
[2026-05-17T09:20:42.272Z] [INFO] decor: cached 0 lines, 0 wikilinks
[2026-05-17T09:20:42.273Z] [INFO] decor: rebuildCache (5 lines): 0.43ms
[2026-05-17T09:20:42.383Z] [INFO] decor: cached 0 lines, 0 wikilinks
[2026-05-17T09:20:42.383Z] [INFO] decor: rebuildCache (5 lines): 0.29ms
[2026-05-17T09:20:42.442Z] [INFO] decor: cached 0 lines, 0 wikilinks
[2026-05-17T09:20:42.442Z] [INFO] decor: rebuildCache (5 lines): 0.23ms
[2026-05-17T09:20:42.525Z] [INFO] decor: cached 0 lines, 0 wikilinks
[2026-05-17T09:20:42.525Z] [INFO] decor: rebuildCache (5 lines): 0.27ms
[2026-05-17T09:20:42.977Z] [INFO] IndexService: indexFileContent: README.md → pageId=1
[2026-05-17T09:20:43.239Z] [INFO] decor: cached 0 lines, 0 wikilinks
[2026-05-17T09:20:43.239Z] [INFO] decor: rebuildCache (5 lines): 0.24ms
[2026-05-17T09:20:43.487Z] [INFO] decor: cached 0 lines, 0 wikilinks
[2026-05-17T09:20:43.487Z] [INFO] decor: rebuildCache (5 lines): 0.26ms
[2026-05-17T09:20:43.802Z] [INFO] decor: cached 0 lines, 0 wikilinks
[2026-05-17T09:20:43.802Z] [INFO] decor: rebuildCache (5 lines): 0.30ms
[2026-05-17T09:20:43.892Z] [INFO] decor: cached 0 lines, 0 wikilinks
[2026-05-17T09:20:43.892Z] [INFO] decor: rebuildCache (5 lines): 0.14ms
[2026-05-17T09:20:44.345Z] [INFO] IndexService: indexFileContent: README.md → pageId=1
[2026-05-17T09:20:44.805Z] [INFO] decor: cached 0 lines, 0 wikilinks
[2026-05-17T09:20:44.805Z] [INFO] decor: rebuildCache (5 lines): 0.36ms
[2026-05-17T09:20:44.862Z] [INFO] decor: cached 0 lines, 0 wikilinks
[2026-05-17T09:20:44.862Z] [INFO] decor: rebuildCache (5 lines): 0.24ms
[2026-05-17T09:20:45.313Z] [INFO] IndexService: indexFileContent: README.md → pageId=1
[2026-05-17T09:20:48.236Z] [INFO] decor: cached 0 lines, 0 wikilinks
[2026-05-17T09:20:48.236Z] [INFO] decor: rebuildCache (5 lines): 0.28ms
[2026-05-17T09:20:48.348Z] [INFO] decor: cached 0 lines, 0 wikilinks
[2026-05-17T09:20:48.348Z] [INFO] decor: rebuildCache (5 lines): 0.21ms
[2026-05-17T09:20:48.639Z] [INFO] decor: cached 0 lines, 0 wikilinks
[2026-05-17T09:20:48.639Z] [INFO] decor: rebuildCache (5 lines): 0.25ms
[2026-05-17T09:20:48.733Z] [INFO] decor: cached 0 lines, 0 wikilinks
[2026-05-17T09:20:48.734Z] [INFO] decor: rebuildCache (5 lines): 0.43ms
[2026-05-17T09:20:49.000Z] [INFO] decor: cached 0 lines, 0 wikilinks
[2026-05-17T09:20:49.000Z] [INFO] decor: rebuildCache (5 lines): 0.26ms
[2026-05-17T09:20:49.130Z] [INFO] decor: cached 0 lines, 0 wikilinks
[2026-05-17T09:20:49.130Z] [INFO] decor: rebuildCache (5 lines): 0.23ms
[2026-05-17T09:20:49.253Z] [INFO] decor: cached 0 lines, 0 wikilinks
[2026-05-17T09:20:49.254Z] [INFO] decor: rebuildCache (5 lines): 0.18ms
[2026-05-17T09:20:49.441Z] [INFO] decor: cached 0 lines, 0 wikilinks
[2026-05-17T09:20:49.441Z] [INFO] decor: rebuildCache (5 lines): 0.28ms
[2026-05-17T09:20:49.894Z] [INFO] IndexService: indexFileContent: README.md → pageId=1
[2026-05-17T09:20:50.890Z] [INFO] decor: cached 0 lines, 0 wikilinks
[2026-05-17T09:20:50.890Z] [INFO] decor: rebuildCache (5 lines): 0.36ms
[2026-05-17T09:20:51.069Z] [INFO] decor: cached 0 lines, 0 wikilinks
[2026-05-17T09:20:51.069Z] [INFO] decor: rebuildCache (5 lines): 0.21ms
[2026-05-17T09:20:51.204Z] [INFO] decor: cached 0 lines, 0 wikilinks
[2026-05-17T09:20:51.204Z] [INFO] decor: rebuildCache (5 lines): 0.21ms
[2026-05-17T09:20:51.407Z] [INFO] decor: cached 0 lines, 0 wikilinks
[2026-05-17T09:20:51.407Z] [INFO] decor: rebuildCache (5 lines): 0.17ms
[2026-05-17T09:20:51.543Z] [INFO] decor: cached 0 lines, 0 wikilinks
[2026-05-17T09:20:51.543Z] [INFO] decor: rebuildCache (5 lines): 0.17ms
[2026-05-17T09:20:51.764Z] [INFO] decor: cached 0 lines, 0 wikilinks
[2026-05-17T09:20:51.765Z] [INFO] decor: rebuildCache (5 lines): 0.26ms
[2026-05-17T09:20:51.854Z] [INFO] decor: cached 0 lines, 0 wikilinks
[2026-05-17T09:20:51.854Z] [INFO] decor: rebuildCache (5 lines): 0.14ms
[2026-05-17T09:20:51.926Z] [INFO] decor: cached 0 lines, 0 wikilinks
[2026-05-17T09:20:51.926Z] [INFO] decor: rebuildCache (5 lines): 0.25ms
[2026-05-17T09:20:52.377Z] [INFO] IndexService: indexFileContent: README.md → pageId=1
[2026-05-17T09:20:53.028Z] [INFO] decor: cached 0 lines, 0 wikilinks
[2026-05-17T09:20:53.029Z] [INFO] decor: rebuildCache (5 lines): 0.25ms
[2026-05-17T09:20:53.366Z] [INFO] decor: cached 0 lines, 0 wikilinks
[2026-05-17T09:20:53.366Z] [INFO] decor: rebuildCache (5 lines): 0.25ms
[2026-05-17T09:20:53.590Z] [INFO] decor: cached 0 lines, 0 wikilinks
[2026-05-17T09:20:53.590Z] [INFO] decor: rebuildCache (5 lines): 0.25ms
[2026-05-17T09:20:53.719Z] [INFO] decor: cached 0 lines, 0 wikilinks
[2026-05-17T09:20:53.719Z] [INFO] decor: rebuildCache (5 lines): 0.19ms
[2026-05-17T09:20:53.903Z] [INFO] decor: cached 0 lines, 0 wikilinks
[2026-05-17T09:20:53.903Z] [INFO] decor: rebuildCache (5 lines): 0.13ms
[2026-05-17T09:20:54.019Z] [INFO] decor: cached 0 lines, 0 wikilinks
[2026-05-17T09:20:54.019Z] [INFO] decor: rebuildCache (5 lines): 0.19ms
[2026-05-17T09:20:54.148Z] [INFO] decor: cached 0 lines, 0 wikilinks
[2026-05-17T09:20:54.148Z] [INFO] decor: rebuildCache (5 lines): 0.25ms
[2026-05-17T09:20:54.241Z] [INFO] decor: cached 0 lines, 0 wikilinks
[2026-05-17T09:20:54.241Z] [INFO] decor: rebuildCache (5 lines): 0.22ms
[2026-05-17T09:20:54.337Z] [INFO] decor: cached 0 lines, 0 wikilinks
[2026-05-17T09:20:54.337Z] [INFO] decor: rebuildCache (5 lines): 0.35ms
[2026-05-17T09:20:54.430Z] [INFO] decor: cached 0 lines, 0 wikilinks
[2026-05-17T09:20:54.430Z] [INFO] decor: rebuildCache (5 lines): 0.29ms
[2026-05-17T09:20:54.691Z] [INFO] decor: cached 0 lines, 0 wikilinks
[2026-05-17T09:20:54.692Z] [INFO] decor: rebuildCache (5 lines): 0.30ms
[2026-05-17T09:20:54.813Z] [INFO] decor: cached 0 lines, 0 wikilinks
[2026-05-17T09:20:54.813Z] [INFO] decor: rebuildCache (5 lines): 0.24ms
[2026-05-17T09:20:54.984Z] [INFO] decor: cached 0 lines, 0 wikilinks
[2026-05-17T09:20:54.985Z] [INFO] decor: rebuildCache (5 lines): 0.43ms
[2026-05-17T09:20:55.210Z] [INFO] decor: cached 0 lines, 0 wikilinks
[2026-05-17T09:20:55.210Z] [INFO] decor: rebuildCache (5 lines): 0.21ms
[2026-05-17T09:20:55.322Z] [INFO] decor: cached 0 lines, 0 wikilinks
[2026-05-17T09:20:55.323Z] [INFO] decor: rebuildCache (5 lines): 0.39ms
[2026-05-17T09:20:55.481Z] [INFO] decor: cached 0 lines, 0 wikilinks
[2026-05-17T09:20:55.482Z] [INFO] decor: rebuildCache (5 lines): 0.19ms
[2026-05-17T09:20:55.597Z] [INFO] decor: cached 0 lines, 0 wikilinks
[2026-05-17T09:20:55.597Z] [INFO] decor: rebuildCache (5 lines): 0.26ms
[2026-05-17T09:20:56.050Z] [INFO] IndexService: indexFileContent: README.md → pageId=1
[2026-05-17T09:21:01.758Z] [INFO] decor: cached 0 lines, 0 wikilinks
[2026-05-17T09:21:01.758Z] [INFO] decor: rebuildCache (5 lines): 0.19ms
[2026-05-17T09:21:02.000Z] [INFO] decor: cached 0 lines, 0 wikilinks
[2026-05-17T09:21:02.000Z] [INFO] decor: rebuildCache (5 lines): 0.19ms
[2026-05-17T09:21:02.221Z] [INFO] decor: cached 0 lines, 0 wikilinks
[2026-05-17T09:21:02.221Z] [INFO] decor: rebuildCache (5 lines): 0.25ms
[2026-05-17T09:21:02.341Z] [INFO] decor: cached 0 lines, 0 wikilinks
[2026-05-17T09:21:02.341Z] [INFO] decor: rebuildCache (5 lines): 0.18ms
[2026-05-17T09:21:02.501Z] [INFO] decor: cached 0 lines, 0 wikilinks
[2026-05-17T09:21:02.502Z] [INFO] decor: rebuildCache (5 lines): 0.34ms
[2026-05-17T09:21:02.599Z] [INFO] decor: cached 0 lines, 0 wikilinks
[2026-05-17T09:21:02.600Z] [INFO] decor: rebuildCache (5 lines): 0.22ms
[2026-05-17T09:21:02.729Z] [INFO] decor: cached 0 lines, 0 wikilinks
[2026-05-17T09:21:02.729Z] [INFO] decor: rebuildCache (5 lines): 0.20ms
[2026-05-17T09:21:02.845Z] [INFO] decor: cached 0 lines, 0 wikilinks
[2026-05-17T09:21:02.845Z] [INFO] decor: rebuildCache (5 lines): 0.22ms
[2026-05-17T09:21:03.000Z] [INFO] decor: cached 0 lines, 0 wikilinks
[2026-05-17T09:21:03.000Z] [INFO] decor: rebuildCache (5 lines): 0.23ms
[2026-05-17T09:21:03.450Z] [INFO] IndexService: indexFileContent: README.md → pageId=1
[2026-05-17T09:21:04.818Z] [INFO] decor: cached 0 lines, 0 wikilinks
[2026-05-17T09:21:04.818Z] [INFO] decor: rebuildCache (5 lines): 0.18ms
[2026-05-17T09:21:05.193Z] [INFO] IndexService: indexFileContent: README.md → pageId=1
[2026-05-17T09:21:05.194Z] [INFO] IndexService: saveToFile: wrote 77824 bytes
[2026-05-17T09:21:05.194Z] [INFO] IndexService: saveToFile: 0.44ms
[2026-05-17T09:21:05.194Z] [INFO] completion: cache rebuilt: 2 pages, 0 fwd refs, 0 aliases (2 total)
[2026-05-17T09:21:05.194Z] [INFO] completion: rebuildCache: 0.40ms
[2026-05-17T09:21:05.218Z] [INFO] decor: cached 0 lines, 0 wikilinks
[2026-05-17T09:21:05.218Z] [INFO] decor: rebuildCache (6 lines): 0.15ms
[2026-05-17T09:21:05.670Z] [INFO] IndexService: indexFileContent: README.md → pageId=1
[2026-05-17T09:24:42.444Z] [INFO] extension: periodicScan: tick starting
[2026-05-17T09:24:42.472Z] [INFO] IndexScanner: staleScan: starting — 2 files on disk, 2 in index
[2026-05-17T09:24:42.474Z] [INFO] IndexScanner: staleScan: 1.39ms
[2026-05-17T09:24:42.474Z] [INFO] IndexScanner: staleScan: complete — 0 new, 0 stale, 0 deleted, 2 unchanged
[2026-05-17T09:24:42.474Z] [INFO] extension: periodicScan: no changes
[2026-05-17T09:26:38.681Z] [INFO] decor: cached 0 lines, 0 wikilinks
[2026-05-17T09:26:38.681Z] [INFO] decor: rebuildCache (11 lines): 0.11ms
[2026-05-17T09:26:38.740Z] [INFO] IndexService: indexFileContent: README.md → pageId=1
[2026-05-17T09:26:38.742Z] [INFO] IndexService: saveToFile: wrote 77824 bytes
[2026-05-17T09:26:38.742Z] [INFO] IndexService: saveToFile: 0.77ms
[2026-05-17T09:29:42.445Z] [INFO] extension: periodicScan: tick starting
[2026-05-17T09:29:42.466Z] [INFO] IndexScanner: staleScan: starting — 2 files on disk, 2 in index
[2026-05-17T09:29:42.466Z] [INFO] IndexScanner: staleScan: 0.57ms
[2026-05-17T09:29:42.466Z] [INFO] IndexScanner: staleScan: complete — 0 new, 0 stale, 0 deleted, 2 unchanged
[2026-05-17T09:29:42.466Z] [INFO] extension: periodicScan: no changes
[2026-05-17T09:34:42.446Z] [INFO] extension: periodicScan: tick starting
[2026-05-17T09:34:42.472Z] [INFO] IndexScanner: staleScan: starting — 2 files on disk, 2 in index
[2026-05-17T09:34:42.474Z] [INFO] IndexScanner: staleScan: 1.20ms
[2026-05-17T09:34:42.474Z] [INFO] IndexScanner: staleScan: complete — 0 new, 0 stale, 0 deleted, 2 unchanged
[2026-05-17T09:34:42.474Z] [INFO] extension: periodicScan: no changes
[2026-05-17T09:39:42.446Z] [INFO] extension: periodicScan: tick starting
[2026-05-17T09:39:42.467Z] [INFO] IndexScanner: staleScan: starting — 2 files on disk, 2 in index
[2026-05-17T09:39:42.469Z] [INFO] IndexScanner: staleScan: 1.43ms
[2026-05-17T09:39:42.469Z] [INFO] IndexScanner: staleScan: complete — 0 new, 0 stale, 0 deleted, 2 unchanged
[2026-05-17T09:39:42.469Z] [INFO] extension: periodicScan: no changes
[2026-05-17T09:44:42.447Z] [INFO] extension: periodicScan: tick starting
[2026-05-17T09:44:42.472Z] [INFO] IndexScanner: staleScan: starting — 2 files on disk, 2 in index
[2026-05-17T09:44:42.473Z] [INFO] IndexScanner: staleScan: 0.62ms
[2026-05-17T09:44:42.473Z] [INFO] IndexScanner: staleScan: complete — 0 new, 0 stale, 0 deleted, 2 unchanged
[2026-05-17T09:44:42.473Z] [INFO] extension: periodicScan: no changes
[2026-05-17T13:57:09.996Z] [INFO] extension: periodicScan: tick starting
[2026-05-17T13:57:10.091Z] [INFO] IndexScanner: staleScan: starting — 2 files on disk, 2 in index
[2026-05-17T13:57:10.100Z] [INFO] IndexScanner: staleScan: 7.55ms
[2026-05-17T13:57:10.100Z] [INFO] IndexScanner: staleScan: complete — 0 new, 0 stale, 0 deleted, 2 unchanged
[2026-05-17T13:57:10.100Z] [INFO] extension: periodicScan: no changes
[2026-05-17T14:02:10.878Z] [INFO] extension: periodicScan: tick starting
[2026-05-17T14:02:10.909Z] [INFO] IndexScanner: staleScan: starting — 2 files on disk, 2 in index
[2026-05-17T14:02:10.911Z] [INFO] IndexScanner: staleScan: 1.37ms
[2026-05-17T14:02:10.911Z] [INFO] IndexScanner: staleScan: complete — 0 new, 0 stale, 0 deleted, 2 unchanged
[2026-05-17T14:02:10.911Z] [INFO] extension: periodicScan: no changes
[2026-05-17T14:07:10.879Z] [INFO] extension: periodicScan: tick starting
[2026-05-17T14:07:10.911Z] [INFO] IndexScanner: staleScan: starting — 2 files on disk, 2 in index
[2026-05-17T14:07:10.912Z] [INFO] IndexScanner: staleScan: 1.45ms
[2026-05-17T14:07:10.912Z] [INFO] IndexScanner: staleScan: complete — 0 new, 0 stale, 0 deleted, 2 unchanged
[2026-05-17T14:07:10.912Z] [INFO] extension: periodicScan: no changes
[2026-05-17T14:12:10.889Z] [INFO] extension: periodicScan: tick starting
[2026-05-17T14:12:10.914Z] [INFO] IndexScanner: staleScan: starting — 2 files on disk, 2 in index
[2026-05-17T14:12:10.914Z] [INFO] IndexScanner: staleScan: 0.58ms
[2026-05-17T14:12:10.914Z] [INFO] IndexScanner: staleScan: complete — 0 new, 0 stale, 0 deleted, 2 unchanged
[2026-05-17T14:12:10.914Z] [INFO] extension: periodicScan: no changes
[2026-05-17T14:17:10.880Z] [INFO] extension: periodicScan: tick starting
[2026-05-17T14:17:10.910Z] [INFO] IndexScanner: staleScan: starting — 2 files on disk, 2 in index
[2026-05-17T14:17:10.913Z] [INFO] IndexScanner: staleScan: 2.00ms
[2026-05-17T14:17:10.913Z] [INFO] IndexScanner: staleScan: complete — 0 new, 0 stale, 0 deleted, 2 unchanged
[2026-05-17T14:17:10.913Z] [INFO] extension: periodicScan: no changes
[2026-05-17T14:22:10.881Z] [INFO] extension: periodicScan: tick starting
[2026-05-17T14:22:10.913Z] [INFO] IndexScanner: staleScan: starting — 2 files on disk, 2 in index
[2026-05-17T14:22:10.914Z] [INFO] IndexScanner: staleScan: 0.43ms
[2026-05-17T14:22:10.914Z] [INFO] IndexScanner: staleScan: complete — 0 new, 0 stale, 0 deleted, 2 unchanged
[2026-05-17T14:22:10.914Z] [INFO] extension: periodicScan: no changes
[2026-05-17T14:27:10.882Z] [INFO] extension: periodicScan: tick starting
[2026-05-17T14:27:10.909Z] [INFO] IndexScanner: staleScan: starting — 2 files on disk, 2 in index
[2026-05-17T14:27:10.910Z] [INFO] IndexScanner: staleScan: 1.03ms
[2026-05-17T14:27:10.910Z] [INFO] IndexScanner: staleScan: complete — 0 new, 0 stale, 0 deleted, 2 unchanged
[2026-05-17T14:27:10.910Z] [INFO] extension: periodicScan: no changes
[2026-05-17T14:32:10.882Z] [INFO] extension: periodicScan: tick starting
[2026-05-17T14:32:10.899Z] [INFO] IndexScanner: staleScan: starting — 2 files on disk, 2 in index
[2026-05-17T14:32:10.900Z] [INFO] IndexScanner: staleScan: 1.06ms
[2026-05-17T14:32:10.900Z] [INFO] IndexScanner: staleScan: complete — 0 new, 0 stale, 0 deleted, 2 unchanged
[2026-05-17T14:32:10.900Z] [INFO] extension: periodicScan: no changes
[2026-05-17T14:37:10.883Z] [INFO] extension: periodicScan: tick starting
[2026-05-17T14:37:10.924Z] [INFO] IndexScanner: staleScan: starting — 2 files on disk, 2 in index
[2026-05-17T14:37:10.926Z] [INFO] IndexScanner: staleScan: 1.42ms
[2026-05-17T14:37:10.926Z] [INFO] IndexScanner: staleScan: complete — 0 new, 0 stale, 0 deleted, 2 unchanged
[2026-05-17T14:37:10.926Z] [INFO] extension: periodicScan: no changes
[2026-05-17T14:42:10.883Z] [INFO] extension: periodicScan: tick starting
[2026-05-17T14:42:10.918Z] [INFO] IndexScanner: staleScan: starting — 2 files on disk, 2 in index
[2026-05-17T14:42:10.919Z] [INFO] IndexScanner: staleScan: 0.93ms
[2026-05-17T14:42:10.919Z] [INFO] IndexScanner: staleScan: complete — 0 new, 0 stale, 0 deleted, 2 unchanged
[2026-05-17T14:42:10.919Z] [INFO] extension: periodicScan: no changes
[2026-05-17T14:47:10.885Z] [INFO] extension: periodicScan: tick starting
[2026-05-17T14:47:10.924Z] [INFO] IndexScanner: staleScan: starting — 2 files on disk, 2 in index
[2026-05-17T14:47:10.925Z] [INFO] IndexScanner: staleScan: 1.30ms
[2026-05-17T14:47:10.925Z] [INFO] IndexScanner: staleScan: complete — 0 new, 0 stale, 0 deleted, 2 unchanged
[2026-05-17T14:47:10.925Z] [INFO] extension: periodicScan: no changes
[2026-05-17T14:52:10.885Z] [INFO] extension: periodicScan: tick starting
[2026-05-17T14:52:10.913Z] [INFO] IndexScanner: staleScan: starting — 2 files on disk, 2 in index
[2026-05-17T14:52:10.916Z] [INFO] IndexScanner: staleScan: 1.64ms
[2026-05-17T14:52:10.916Z] [INFO] IndexScanner: staleScan: complete — 0 new, 0 stale, 0 deleted, 2 unchanged
[2026-05-17T14:52:10.916Z] [INFO] extension: periodicScan: no changes
[2026-05-17T14:57:10.887Z] [INFO] extension: periodicScan: tick starting
[2026-05-17T14:57:10.919Z] [INFO] IndexScanner: staleScan: starting — 2 files on disk, 2 in index
[2026-05-17T14:57:10.919Z] [INFO] IndexScanner: staleScan: 0.49ms
[2026-05-17T14:57:10.919Z] [INFO] IndexScanner: staleScan: complete — 0 new, 0 stale, 0 deleted, 2 unchanged
[2026-05-17T14:57:10.920Z] [INFO] extension: periodicScan: no changes
[2026-05-17T14:58:14.711Z] [INFO] IndexScanner: staleScan: starting — 2 files on disk, 2 in index
[2026-05-17T14:58:14.711Z] [INFO] IndexScanner: staleScan: 0.65ms
[2026-05-17T14:58:14.711Z] [INFO] IndexScanner: staleScan: complete — 0 new, 0 stale, 0 deleted, 2 unchanged
[2026-05-17T14:58:14.717Z] [INFO] IndexService: saveToFile: wrote 77824 bytes
[2026-05-17T14:58:14.717Z] [INFO] IndexService: saveToFile: 5.15ms
[2026-05-17T14:58:14.722Z] [INFO] completion: cache rebuilt: 2 pages, 0 fwd refs, 0 aliases (2 total)
[2026-05-17T14:58:14.722Z] [INFO] completion: rebuildCache: 3.89ms
[2026-05-17T14:58:19.061Z] [INFO] IndexService: saveToFile: wrote 77824 bytes
[2026-05-17T14:58:19.061Z] [INFO] IndexService: saveToFile: 0.71ms
[2026-05-17T14:58:19.062Z] [INFO] IndexService: close: closing database and releasing WASM module
[2026-05-17T14:58:21.795Z] [INFO] extension: Logging activated
[2026-05-17T14:58:21.795Z] [INFO] extension: enterFullMode: initialising database
[2026-05-17T14:58:21.796Z] [INFO] IndexService: Loading WASM module (first load)
[2026-05-17T14:58:22.376Z] [INFO] IndexService: initSqlJs: 579.98ms
[2026-05-17T14:58:22.376Z] [INFO] IndexService: initDatabase: opening existing file (77824 bytes)
[2026-05-17T14:58:22.401Z] [INFO] IndexService: initDatabase: complete
[2026-05-17T14:58:22.403Z] [INFO] decor: cached 0 lines, 0 wikilinks
[2026-05-17T14:58:22.403Z] [INFO] decor: rebuildCache (11 lines): 0.27ms
[2026-05-17T14:58:22.628Z] [INFO] extension: enterFullMode: running stale scan
[2026-05-17T14:58:23.956Z] [INFO] IndexScanner: staleScan: starting — 2 files on disk, 2 in index
[2026-05-17T14:58:23.974Z] [INFO] extension: extendMarkdownIt() invoked by VS Code markdown preview
[2026-05-17T14:58:24.041Z] [INFO] IndexScanner: staleScan: 85.00ms
[2026-05-17T14:58:24.041Z] [INFO] IndexScanner: staleScan: complete — 0 new, 0 stale, 0 deleted, 2 unchanged
[2026-05-17T14:58:24.044Z] [INFO] completion: cache rebuilt: 2 pages, 0 fwd refs, 0 aliases (2 total)
[2026-05-17T14:58:24.044Z] [INFO] completion: rebuildCache: 1.91ms
[2026-05-17T14:58:24.067Z] [INFO] extension: enterFullMode: complete
